Component: ARM Compiler 5.06 update 4 (build 422) Tool: armlink [4d35d2]

==============================================================================

Section Cross References

    main.o(i.assert_nrf_callback) refers to app_error.o(i.app_error_handler) for app_error_handler
    main.o(i.ble_evt_dispatch) refers to ble_conn_params.o(i.ble_conn_params_on_ble_evt) for ble_conn_params_on_ble_evt
    main.o(i.ble_evt_dispatch) refers to ble_nus.o(i.ble_nus_on_ble_evt) for ble_nus_on_ble_evt
    main.o(i.ble_evt_dispatch) refers to main.o(i.on_ble_evt) for on_ble_evt
    main.o(i.ble_evt_dispatch) refers to ble_advertising.o(i.ble_advertising_on_ble_evt) for ble_advertising_on_ble_evt
    main.o(i.ble_evt_dispatch) refers to bsp_btn_ble.o(i.bsp_btn_ble_on_ble_evt) for bsp_btn_ble_on_ble_evt
    main.o(i.ble_evt_dispatch) refers to main.o(.bss) for .bss
    main.o(i.ble_stack_init) refers to softdevice_handler.o(i.softdevice_handler_init) for softdevice_handler_init
    main.o(i.ble_stack_init) refers to app_error.o(i.app_error_handler_bare) for app_error_handler_bare
    main.o(i.ble_stack_init) refers to softdevice_handler.o(i.softdevice_enable_get_default_config) for softdevice_enable_get_default_config
    main.o(i.ble_stack_init) refers to softdevice_handler.o(i.sd_check_ram_start) for sd_check_ram_start
    main.o(i.ble_stack_init) refers to softdevice_handler.o(i.softdevice_enable) for softdevice_enable
    main.o(i.ble_stack_init) refers to softdevice_handler.o(i.softdevice_ble_evt_handler_set) for softdevice_ble_evt_handler_set
    main.o(i.ble_stack_init) refers to main.o(.constdata) for .constdata
    main.o(i.ble_stack_init) refers to main.o(.bss) for .bss
    main.o(i.ble_stack_init) refers to main.o(i.ble_evt_dispatch) for ble_evt_dispatch
    main.o(i.bsp_event_handler) refers to multiboard_process.o(i.keyMenuProcess) for keyMenuProcess
    main.o(i.conn_params_error_handler) refers to app_error.o(i.app_error_handler_bare) for app_error_handler_bare
    main.o(i.main) refers to app_timer.o(i.app_timer_init) for app_timer_init
    main.o(i.main) refers to app_error.o(i.app_error_handler_bare) for app_error_handler_bare
    main.o(i.main) refers to app_uart_fifo.o(i.app_uart_init) for app_uart_init
    main.o(i.main) refers to bsp.o(i.bsp_init) for bsp_init
    main.o(i.main) refers to bsp_btn_ble.o(i.bsp_btn_ble_init) for bsp_btn_ble_init
    main.o(i.main) refers to main.o(i.ble_stack_init) for ble_stack_init
    main.o(i.main) refers to ble_nus.o(i.ble_nus_init) for ble_nus_init
    main.o(i.main) refers to memseta.o(.text) for __aeabi_memclr4
    main.o(i.main) refers to ble_advertising.o(i.ble_advertising_init) for ble_advertising_init
    main.o(i.main) refers to ble_conn_params.o(i.ble_conn_params_init) for ble_conn_params_init
    main.o(i.main) refers to oled.o(i.initOled) for initOled
    main.o(i.main) refers to utc_date.o(i.initUtcDate) for initUtcDate
    main.o(i.main) refers to oled.o(i.welcomScreen) for welcomScreen
    main.o(i.main) refers to printfa.o(i.__0printf) for __2printf
    main.o(i.main) refers to ble_advertising.o(i.ble_advertising_start) for ble_advertising_start
    main.o(i.main) refers to main.o(.bss) for .bss
    main.o(i.main) refers to main.o(.constdata) for .constdata
    main.o(i.main) refers to main.o(i.uart_event_handle) for uart_event_handle
    main.o(i.main) refers to main.o(i.bsp_event_handler) for bsp_event_handler
    main.o(i.main) refers to main.o(i.nus_data_handler) for nus_data_handler
    main.o(i.main) refers to main.o(.data) for .data
    main.o(i.main) refers to main.o(i.on_adv_evt) for on_adv_evt
    main.o(i.main) refers to main.o(i.on_conn_params_evt) for on_conn_params_evt
    main.o(i.main) refers to main.o(i.conn_params_error_handler) for conn_params_error_handler
    main.o(i.main) refers to main.o(.conststring) for .conststring
    main.o(i.nus_data_handler) refers to app_uart_fifo.o(i.app_uart_put) for app_uart_put
    main.o(i.on_adv_evt) refers to bsp.o(i.bsp_indication_set) for bsp_indication_set
    main.o(i.on_adv_evt) refers to app_error.o(i.app_error_handler_bare) for app_error_handler_bare
    main.o(i.on_ble_evt) refers to app_error.o(i.app_error_handler_bare) for app_error_handler_bare
    main.o(i.on_ble_evt) refers to bsp.o(i.bsp_indication_set) for bsp_indication_set
    main.o(i.on_ble_evt) refers to main.o(.data) for .data
    main.o(i.on_conn_params_evt) refers to app_error.o(i.app_error_handler_bare) for app_error_handler_bare
    main.o(i.on_conn_params_evt) refers to main.o(.data) for .data
    main.o(i.uart_event_handle) refers to app_error.o(i.app_error_handler_bare) for app_error_handler_bare
    main.o(i.uart_event_handle) refers to app_uart_fifo.o(i.app_uart_get) for app_uart_get
    main.o(i.uart_event_handle) refers to ble_nus.o(i.ble_nus_string_send) for ble_nus_string_send
    main.o(i.uart_event_handle) refers to main.o(.bss) for .bss
    main.o(i.uart_event_handle) refers to main.o(.data) for .data
[...]
    uuid_list_sized_encode                   0x00022923   Thumb Code   160  ble_advdata.o(i.uuid_list_sized_encode)
    i.verisonProcess                         0x000229c4   Section        0  multiboard_process.o(i.verisonProcess)
    i.welcomScreen                           0x000229e0   Section        0  oled.o(i.welcomScreen)
    i.whitelist_has_entries                  0x00022a7c   Section        0  ble_advertising.o(i.whitelist_has_entries)
    whitelist_has_entries                    0x00022a7d   Thumb Code    14  ble_advertising.o(i.whitelist_has_entries)
    i.writeFlashCmd                          0x00022a8c   Section        0  flash.o(i.writeFlashCmd)
    i.writeFlashPage                         0x00022ab4   Section        0  flash.o(i.writeFlashPage)
    i.writeMpuReg                            0x00022b1c   Section        0  mpu6050.o(i.writeMpuReg)
    i.writeOled5x7ASCII                      0x00022b40   Section        0  oled.o(i.writeOled5x7ASCII)
    i.writeOled5x7ASCIIs                     0x00022b8c   Section        0  oled.o(i.writeOled5x7ASCIIs)
    i.writeOled5x7Arrow                      0x00022bac   Section        0  oled.o(i.writeOled5x7Arrow)
    i.writeOledCmd                           0x00022bf0   Section        0  oled.o(i.writeOledCmd)
    i.writeOledData                          0x00022c24   Section        0  oled.o(i.writeOledData)
    .constdata                               0x00022c58   Section       16  main.o(.constdata)
    .constdata                               0x00022c68   Section       72  bsp.o(.constdata)
    m_leds_timer_id                          0x00022c68   Data           4  bsp.o(.constdata)
    m_alert_timer_id                         0x00022c6c   Data           4  bsp.o(.constdata)
    m_button_timer_id                        0x00022c70   Data           4  bsp.o(.constdata)
    m_buttons_list                           0x00022c74   Data          20  bsp.o(.constdata)
    app_buttons                              0x00022c88   Data          40  bsp.o(.constdata)
    .constdata                               0x00022cb0   Section        4  ble_conn_params.o(.constdata)
    m_conn_params_timer_id                   0x00022cb0   Data           4  ble_conn_params.o(.constdata)
    .constdata                               0x00022cb4   Section       16  ble_nus.o(.constdata)
    .constdata                               0x00022cc4   Section       32  app_uart_fifo.o(.constdata)
    .constdata                               0x00022ce4   Section       32  nrf_drv_uart.o(.constdata)
    m_default_config                         0x00022ce4   Data          32  nrf_drv_uart.o(.constdata)
    .constdata                               0x00022d04   Section       24  adc.o(.constdata)
    gtLightSensorSampleTimer                 0x00022d04   Data           4  adc.o(.constdata)
    gtBatteryAdcSampleTimer                  0x00022d08   Data           4  adc.o(.constdata)
    .constdata                               0x00022d1c   Section       16  flash.o(.constdata)
    .constdata                               0x00022d2c   Section       20  mpu6050.o(.constdata)
    gtMpuReadTimer                           0x00022d2c   Data           4  mpu6050.o(.constdata)
    .constdata                               0x00022d40   Section      100  multiboard_process.o(.constdata)
    .constdata                               0x00022da4   Section     1712  oled.o(.constdata)
    .constdata                               0x00023454   Section      104  pwm.o(.constdata)
    .constdata                               0x000234bc   Section        4  utc_date.o(.constdata)
    gtUtcDateTimer                           0x000234bc   Data           4  utc_date.o(.constdata)
    .constdata                               0x000234c0   Section       12  nrf_drv_pwm.o(.constdata)
    m_default_config                         0x000234c0   Data          12  nrf_drv_pwm.o(.constdata)
    .constdata                               0x000234cc   Section       32  nrf_drv_spi.o(.constdata)
    m_default_config                         0x000234cc   Data          32  nrf_drv_spi.o(.constdata)
    .constdata                               0x000234ec   Section       28  nrf_drv_twi.o(.constdata)
    m_default_config                         0x000234ec   Data          16  nrf_drv_twi.o(.constdata)
    .constdata                               0x00023508   Section        3  nrf_drv_saadc.o(.constdata)
    m_default_config                         0x00023508   Data           3  nrf_drv_saadc.o(.constdata)
    .constdata                               0x0002350c   Section        8  app_button.o(.constdata)
    m_detection_delay_timer_id               0x0002350c   Data           4  app_button.o(.constdata)
    .conststring                             0x00023514   Section       78  main.o(.conststring)
    .data                                    0x20002080   Section        8  main.o(.data)
    index                                    0x20002080   Data           1  main.o(.data)
    m_conn_handle                            0x20002082   Data           2  main.o(.data)
    m_adv_uuids                              0x20002084   Data           4  main.o(.data)
    .data                                    0x20002088   Section       25  bsp.o(.data)
    m_stable_state                           0x20002088   Data           1  bsp.o(.data)
    current_long_push_pin_no                 0x20002089   Data           1  bsp.o(.data)
    m_app_ticks_per_100ms                    0x2000208c   Data           4  bsp.o(.data)
    m_indication_type                        0x20002090   Data           4  bsp.o(.data)
    m_alert_mask                             0x20002094   Data           4  bsp.o(.data)
    m_registered_callback                    0x20002098   Data           4  bsp.o(.data)
    release_event_at_push                    0x2000209c   Data           5  bsp.o(.data)
    .data                                    0x200020a4   Section        4  bsp_btn_ble.o(.data)
    m_num_connections                        0x200020a4   Data           4  bsp_btn_ble.o(.data)
    .data                                    0x200020a8   Section       31  ble_advertising.o(.data)
    m_advertising_start_pending              0x200020a8   Data           1  ble_advertising.o(.data)
    m_whitelist_temporarily_disabled         0x200020a9   Data           1  ble_advertising.o(.data)
    m_whitelist_reply_expected               0x200020aa   Data           1  ble_advertising.o(.data)
    m_peer_addr_reply_expected               0x200020ab   Data           1  ble_advertising.o(.data)
    m_adv_evt                                0x200020ac   Data           1  ble_advertising.o(.data)
    m_adv_mode_current                       0x200020ad   Data           1  ble_advertising.o(.data)
    m_tx_power_level                         0x200020ae   Data           1  ble_advertising.o(.data)
    current_slave_link_conn_handle           0x200020b0   Data           2  ble_advertising.o(.data)
    m_evt_handler                            0x200020b4   Data           4  ble_advertising.o(.data)
    m_error_handler                          0x200020b8   Data           4  ble_advertising.o(.data)
    m_slave_conn_int                         0x200020bc   Data           4  ble_advertising.o(.data)
    m_peer_address                           0x200020c0   Data           7  ble_advertising.o(.data)
    .data                                    0x200020c8   Section       20  ble_conn_params.o(.data)
    m_change_param                           0x200020c8   Data           1  ble_conn_params.o(.data)
    m_update_count                           0x200020c9   Data           1  ble_conn_params.o(.data)
    m_conn_handle                            0x200020ca   Data           2  ble_conn_params.o(.data)
    m_preferred_conn_params                  0x200020cc   Data           8  ble_conn_params.o(.data)
    m_current_conn_params                    0x200020d4   Data           8  ble_conn_params.o(.data)
    .data                                    0x200020dc   Section        8  app_uart_fifo.o(.data)
    tx_buffer                                0x200020dc   Data           1  app_uart_fifo.o(.data)
    rx_buffer                                0x200020dd   Data           1  app_uart_fifo.o(.data)
    m_event_handler                          0x200020e0   Data           4  app_uart_fifo.o(.data)
    .data                                    0x200020e4   Section       36  pstorage.o(.data)
    m_state                                  0x200020e4   Data           1  pstorage.o(.data)
    m_swap_sub_state                         0x200020e5   Data           1  pstorage.o(.data)
    m_next_app_instance                      0x200020e6   Data           2  pstorage.o(.data)
    m_flags                                  0x200020e8   Data           4  pstorage.o(.data)
    m_next_page_addr                         0x200020ec   Data           4  pstorage.o(.data)
    m_head_word_size                         0x200020f0   Data           4  pstorage.o(.data)
    m_tail_word_size                         0x200020f4   Data           4  pstorage.o(.data)
    m_current_page_id                        0x200020f8   Data           4  pstorage.o(.data)
    m_num_of_command_retries                 0x200020fc   Data           4  pstorage.o(.data)
    m_num_of_bytes_written                   0x20002100   Data           4  pstorage.o(.data)
    m_app_data_size                          0x20002104   Data           4  pstorage.o(.data)
    .data                                    0x20002108   Section       12  flash.o(.data)
    .data                                    0x20002114   Section        8  mpu6050.o(.data)
    .data                                    0x2000211c   Section      252  multiboard_process.o(.data)
    .data                                    0x20002218   Section        8  oled.o(.data)
    .data                                    0x20002220   Section       20  pwm.o(.data)
    ltSeqValues                              0x20002220   Data           2  pwm.o(.data)
    gtSeqValues                              0x2000222c   Data           8  pwm.o(.data)
    .data                                    0x20002234   Section        4  utc_date.o(.data)
    .data                                    0x20002238   Section        8  nrf_drv_pwm.o(.data)
    m_cb                                     0x20002238   Data           8  nrf_drv_pwm.o(.data)
    .data                                    0x20002240   Section       20  app_button.o(.data)
    m_button_count                           0x20002240   Data           1  app_button.o(.data)
    mp_buttons                               0x20002244   Data           4  app_button.o(.data)
    m_detection_delay                        0x20002248   Data           4  app_button.o(.data)
    m_pin_state                              0x2000224c   Data           4  app_button.o(.data)
    m_pin_transition                         0x20002250   Data           4  app_button.o(.data)
    .data                                    0x20002254   Section       32  app_timer.o(.data)
    m_user_array_size                        0x20002254   Data           1  app_timer.o(.data)
    m_ticks_elapsed_q_read_ind               0x20002255   Data           1  app_timer.o(.data)
    m_ticks_elapsed_q_write_ind              0x20002256   Data           1  app_timer.o(.data)
    m_rtc1_running                           0x20002257   Data           1  app_timer.o(.data)
    m_rtc1_reset                             0x20002258   Data           1  app_timer.o(.data)
    mp_users                                 0x2000225c   Data           4  app_timer.o(.data)
    mp_timer_id_head                         0x20002260   Data           4  app_timer.o(.data)
    m_ticks_latest                           0x20002264   Data           4  app_timer.o(.data)
    m_evt_schedule_func                      0x20002268   Data           4  app_timer.o(.data)
    m_ticks_elapsed                          0x2000226c   Data           8  app_timer.o(.data)
    .data                                    0x20002274   Section        4  retarget.o(.data)
    .data                                    0x20002278   Section       20  softdevice_handler.o(.data)
    m_softdevice_enabled                     0x20002278   Data           1  softdevice_handler.o(.data)
    m_ble_evt_buffer_size                    0x2000227a   Data           2  softdevice_handler.o(.data)
    m_evt_schedule_func                      0x2000227c   Data           4  softdevice_handler.o(.data)
    mp_ble_evt_buffer                        0x20002280   Data           4  softdevice_handler.o(.data)
    m_ble_evt_handler                        0x20002284   Data           4  softdevice_handler.o(.data)
    m_sys_evt_handler                        0x20002288   Data           4  softdevice_handler.o(.data)
    .data                                    0x2000228c   Section        4  system_nrf52.o(.data)
    __tagsym$$used                           0x2000228c   Number         0  system_nrf52.o(.data)
    .bss                                     0x20002290   Section     1088  main.o(.bss)
    BLE_EVT_BUFFER                           0x20002290   Data          72  main.o(.bss)
    data_array                               0x200022d8   Data          20  main.o(.bss)
    rx_buf                                   0x200022ec   Data         256  main.o(.bss)
    tx_buf                                   0x200023ec   Data         256  main.o(.bss)
    APP_TIMER_BUF                            0x200024ec   Data         456  main.o(.bss)
    m_nus                                    0x200026b4   Data          28  main.o(.bss)
    .bss                                     0x200026d0   Section       32  bsp.o(.bss)
    m_leds_timer_id_data                     0x200026d0   Data          32  bsp.o(.bss)
    .bss                                     0x200026f0   Section       32  bsp.o(.bss)
    m_alert_timer_id_data                    0x200026f0   Data          32  bsp.o(.bss)
    .bss                                     0x20002710   Section       15  bsp.o(.bss)
    m_events_list                            0x20002710   Data          15  bsp.o(.bss)
    .bss                                     0x20002720   Section       32  bsp.o(.bss)
    m_button_timer_id_data                   0x20002720   Data          32  bsp.o(.bss)
    .bss                                     0x20002740   Section      259  ble_advertising.o(.bss)
    m_advdata                                0x20002740   Data          56  ble_advertising.o(.bss)
    m_adv_modes_config                       0x20002778   Data          36  ble_advertising.o(.bss)
    m_whitelist                              0x2000279c   Data          16  ble_advertising.o(.bss)
    mp_whitelist_addr                        0x200027ac   Data          32  ble_advertising.o(.bss)
    mp_whitelist_irk                         0x200027cc   Data          32  ble_advertising.o(.bss)
    m_manuf_specific_data                    0x200027ec   Data          12  ble_advertising.o(.bss)
    m_manuf_data_array                       0x200027f8   Data          31  ble_advertising.o(.bss)
    m_service_data                           0x20002818   Data          12  ble_advertising.o(.bss)
    m_service_data_array                     0x20002824   Data          31  ble_advertising.o(.bss)
    .bss                                     0x20002844   Section       32  ble_conn_params.o(.bss)
    m_conn_params_timer_id_data              0x20002844   Data          32  ble_conn_params.o(.bss)
    .bss                                     0x20002864   Section       28  ble_conn_params.o(.bss)
    m_conn_params_config                     0x20002864   Data          28  ble_conn_params.o(.bss)
    .bss                                     0x20002880   Section       32  app_uart_fifo.o(.bss)
    m_rx_fifo                                0x20002880   Data          16  app_uart_fifo.o(.bss)
    m_tx_fifo                                0x20002890   Data          16  app_uart_fifo.o(.bss)
    .bss                                     0x200028a0   Section       88  nrf_drv_gpiote.o(.bss)
    m_cb                                     0x200028a0   Data          88  nrf_drv_gpiote.o(.bss)
    .bss                                     0x200028f8   Section       32  nrf_drv_uart.o(.bss)
    m_cb                                     0x200028f8   Data          32  nrf_drv_uart.o(.bss)
    .bss                                     0x20002918   Section      216  pstorage.o(.bss)
    m_cmd_queue                              0x20002918   Data         204  pstorage.o(.bss)
    m_app_table                              0x200029e4   Data          12  pstorage.o(.bss)
    .bss                                     0x200029f0   Section       32  adc.o(.bss)
    gtLightSensorSampleTimer_data            0x200029f0   Data          32  adc.o(.bss)
    .bss                                     0x20002a10   Section       32  adc.o(.bss)
    gtBatteryAdcSampleTimer_data             0x20002a10   Data          32  adc.o(.bss)
    .bss                                     0x20002a30   Section       32  mpu6050.o(.bss)
    gtMpuReadTimer_data                      0x20002a30   Data          32  mpu6050.o(.bss)
    .bss                                     0x20002a50   Section       20  multiboard_process.o(.bss)
    .bss                                     0x20002a64   Section       32  utc_date.o(.bss)
    gtUtcDateTimer_data                      0x20002a64   Data          32  utc_date.o(.bss)
    .bss                                     0x20002a84   Section       64  nrf_drv_spi.o(.bss)
    m_cb                                     0x20002a84   Data          64  nrf_drv_spi.o(.bss)
    .bss                                     0x20002ac4   Section       40  nrf_drv_twi.o(.bss)
    m_cb                                     0x20002ac4   Data          40  nrf_drv_twi.o(.bss)
    .bss                                     0x20002aec   Section       44  nrf_drv_saadc.o(.bss)
    m_cb                                     0x20002aec   Data          44  nrf_drv_saadc.o(.bss)
    .bss                                     0x20002b18   Section       32  app_button.o(.bss)
    m_detection_delay_timer_id_data          0x20002b18   Data          32  app_button.o(.bss)
    .bss                                     0x20002b38   Section       88  fstorage.o(.bss)
    m_queue                                  0x20002b38   Data          88  fstorage.o(.bss)
    .bss                                     0x20002b90   Section       12  softdevice_handler.o(.bss)
    STACK                                    0x20002ba0   Section     8192  arm_startup_nrf52.o(STACK)

    Global Symbols

    Symbol Name                              Value     Ov Type        Size  Object(Section)

    BuildAttributes$$THM_ISAv4$E$P$D$K$B$S$7EM$VFPi3$EXTD16$VFPS$VFMA$PE$A:L22UL41UL21$X:L11$S22US41US21$IEEE1$IW$USESV6$~STKCKD$USESV7$~SHL$OSPACE$ROPI$EBA8$MICROLIB$REQ8$PRES8$EABIv2 0x00000000   Number         0  anon$$obj.o ABSOLUTE
    __ARM_use_no_argv                        0x00000000   Number         0  main.o ABSOLUTE
    _printf_a                                0x00000000   Number         0  stubs.o ABSOLUTE
    _printf_c                                0x00000000   Number         0  stubs.o ABSOLUTE
    _printf_charcount                        0x00000000   Number         0  stubs.o ABSOLUTE
    _printf_d                                0x00000000   Number         0  stubs.o ABSOLUTE
    _printf_e                                0x00000000   Number         0  stubs.o ABSOLUTE
    _printf_f                                0x00000000   Number         0  stubs.o ABSOLUTE
    _printf_flags                            0x00000000   Number         0  stubs.o ABSOLUTE
    _printf_fp_dec                           0x00000000   Number         0  stubs.o ABSOLUTE
    _printf_fp_hex                           0x00000000   Number         0  stubs.o ABSOLUTE
    _printf_g                                0x00000000   Number         0  stubs.o ABSOLUTE
    _printf_i                                0x00000000   Number         0  stubs.o ABSOLUTE
    _printf_int_dec                          0x00000000   Number         0  stubs.o ABSOLUTE
    _printf_l                                0x00000000   Number         0  stubs.o ABSOLUTE
    _printf_lc                               0x00000000   Number         0  stubs.o ABSOLUTE
    _printf_ll                               0x00000000   Number         0  stubs.o ABSOLUTE
    _printf_lld                              0x00000000   Number         0  stubs.o ABSOLUTE
    _printf_lli                              0x00000000   Number         0  stubs.o ABSOLUTE
    _printf_llo                              0x00000000   Number         0  stubs.o ABSOLUTE
    _printf_llu                              0x00000000   Number         0  stubs.o ABSOLUTE
    _printf_llx                              0x00000000   Number         0  stubs.o ABSOLUTE
    _printf_longlong_dec                     0x00000000   Number         0  stubs.o ABSOLUTE
    _printf_longlong_hex                     0x00000000   Number         0  stubs.o ABSOLUTE
    _printf_longlong_oct                     0x00000000   Number         0  stubs.o ABSOLUTE
    _printf_ls                               0x00000000   Number         0  stubs.o ABSOLUTE
    _printf_mbtowc                           0x00000000   Number         0  stubs.o ABSOLUTE
    _printf_n                                0x00000000   Number         0  stubs.o ABSOLUTE
    _printf_o                                0x00000000   Number         0  stubs.o ABSOLUTE
    _printf_p                                0x00000000   Number         0  stubs.o ABSOLUTE
    _printf_percent                          0x00000000   Number         0  stubs.o ABSOLUTE
    _printf_pre_padding                      0x00000000   Number         0  stubs.o ABSOLUTE
    _printf_return_value                     0x00000000   Number         0  stubs.o ABSOLUTE
    _printf_s                                0x00000000   Number         0  stubs.o ABSOLUTE
    _printf_sizespec                         0x00000000   Number         0  stubs.o ABSOLUTE
    _printf_str                              0x00000000   Number         0  stubs.o ABSOLUTE
    _printf_truncate_signed                  0x00000000   Number         0  stubs.o ABSOLUTE
    _printf_truncate_unsigned                0x00000000   Number         0  stubs.o ABSOLUTE
    _printf_u                                0x00000000   Number         0  stubs.o ABSOLUTE
    _printf_wc                               0x00000000   Number         0  stubs.o ABSOLUTE
    _printf_wctomb                           0x00000000   Number         0  stubs.o ABSOLUTE
    _printf_widthprec                        0x00000000   Number         0  stubs.o ABSOLUTE
    _printf_x                                0x00000000   Number         0  stubs.o ABSOLUTE
    __cpp_initialize__aeabi_                  - Undefined Weak Reference
    __cxa_finalize                            - Undefined Weak Reference
    _clock_init                               - Undefined Weak Reference
    _microlib_exit                            - Undefined Weak Reference
    fs_data$$Base                             - Undefined Reference
    fs_data$$Limit                            - Undefined Reference
    __Vectors_Size                           0x00000400   Number         0  arm_startup_nrf52.o ABSOLUTE
    __Vectors                                0x0001c000   Data           4  arm_startup_nrf52.o(RESET)
    __Vectors_End                            0x0001c400   Data           0  arm_startup_nrf52.o(RESET)
    __main                                   0x0001c401   Thumb Code     0  entry.o(.ARM.Collect$$$$00000000)
    _main_stk                                0x0001c401   Thumb Code     0  entry2.o(.ARM.Collect$$$$00000001)
    _main_scatterload                        0x0001c405   Thumb Code     0  entry5.o(.ARM.Collect$$$$00000004)
    __main_after_scatterload                 0x0001c409   Thumb Code     0  entry5.o(.ARM.Collect$$$$00000004)
    _main_clock                              0x0001c409   Thumb Code     0  entry7b.o(.ARM.Collect$$$$00000008)
    _main_cpp_init                           0x0001c409   Thumb Code     0  entry8b.o(.ARM.Collect$$$$0000000A)
    _main_init                               0x0001c409   Thumb Code     0  entry9a.o(.ARM.Collect$$$$0000000B)
    __rt_final_cpp                           0x0001c411   Thumb Code     0  entry10a.o(.ARM.Collect$$$$0000000D)
    __rt_final_exit                          0x0001c411   Thumb Code     0  entry11a.o(.ARM.Collect$$$$0000000F)
    __asm___11_nrf_delay_c_532987f3__nrf_delay_us 0x0001c415   Thumb Code   118  nrf_delay.o(.emb_text)
    __asm___13_nrf_drv_twi_c_a9bcf68d__nrf_delay_us 0x0001c48d   Thumb Code   118  nrf_drv_twi.o(.emb_text)
    __asm___11_app_timer_c_cd27f9c3__nrf_delay_us 0x0001c505   Thumb Code   118  app_timer.o(.emb_text)
    Reset_Handler                            0x0001c57d   Thumb Code     8  arm_startup_nrf52.o(.text)
    NMI_Handler                              0x0001c585   Thumb Code     2  arm_startup_nrf52.o(.text)
    HardFault_Handler                        0x0001c587   Thumb Code     2  arm_startup_nrf52.o(.text)
    MemoryManagement_Handler                 0x0001c589   Thumb Code     2  arm_startup_nrf52.o(.text)
    BusFault_Handler                         0x0001c58b   Thumb Code     2  arm_startup_nrf52.o(.text)
    UsageFault_Handler                       0x0001c58d   Thumb Code     2  arm_startup_nrf52.o(.text)
    SVC_Handler                              0x0001c58f   Thumb Code     2  arm_startup_nrf52.o(.text)
    DebugMonitor_Handler                     0x0001c591   Thumb Code     2  arm_startup_nrf52.o(.text)
    PendSV_Handler                           0x0001c593   Thumb Code     2  arm_startup_nrf52.o(.text)
    SysTick_Handler                          0x0001c595   Thumb Code     2  arm_startup_nrf52.o(.text)
    CCM_AAR_IRQHandler                       0x0001c597   Thumb Code     0  arm_startup_nrf52.o(.text)
    COMP_LPCOMP_IRQHandler                   0x0001c597   Thumb Code     0  arm_startup_nrf52.o(.text)
    ECB_IRQHandler                           0x0001c597   Thumb Code     0  arm_startup_nrf52.o(.text)
    FPU_IRQHandler                           0x0001c597   Thumb Code     0  arm_startup_nrf52.o(.text)
    I2S_IRQHandler                           0x0001c597   Thumb Code     0  arm_startup_nrf52.o(.text)
    MWU_IRQHandler                           0x0001c597   Thumb Code     0  arm_startup_nrf52.o(.text)
    NFCT_IRQHandler                          0x0001c597   Thumb Code     0  arm_startup_nrf52.o(.text)
    PDM_IRQHandler                           0x0001c597   Thumb Code     0  arm_startup_nrf52.o(.text)
    POWER_CLOCK_IRQHandler                   0x0001c597   Thumb Code     0  arm_startup_nrf52.o(.text)
    PWM1_IRQHandler                          0x0001c597   Thumb Code     0  arm_startup_nrf52.o(.text)
    PWM2_IRQHandler                          0x0001c597   Thumb Code     0  arm_startup_nrf52.o(.text)
    QDEC_IRQHandler                          0x0001c597   Thumb Code     0  arm_startup_nrf52.o(.text)
    RADIO_IRQHandler                         0x0001c597   Thumb Code     0  arm_startup_nrf52.o(.text)
    RNG_IRQHandler                           0x0001c597   Thumb Code     0  arm_startup_nrf52.o(.text)
    RTC0_IRQHandler                          0x0001c597   Thumb Code     0  arm_startup_nrf52.o(.text)
    RTC2_IRQHandler                          0x0001c597   Thumb Code     0  arm_startup_nrf52.o(.text)
    SWI1_EGU1_IRQHandler                     0x0001c597   Thumb Code     0  arm_startup_nrf52.o(.text)
    SWI3_EGU3_IRQHandler                     0x0001c597   Thumb Code     0  arm_startup_nrf52.o(.text)
    SWI4_EGU4_IRQHandler                     0x0001c597   Thumb Code     0  arm_startup_nrf52.o(.text)
    SWI5_EGU5_IRQHandler                     0x0001c597   Thumb Code     0  arm_startup_nrf52.o(.text)
    TEMP_IRQHandler                          0x0001c597   Thumb Code     0  arm_startup_nrf52.o(.text)
    TIMER0_IRQHandler                        0x0001c597   Thumb Code     0  arm_startup_nrf52.o(.text)
    TIMER1_IRQHandler                        0x0001c597   Thumb Code     0  arm_startup_nrf52.o(.text)
    TIMER2_IRQHandler                        0x0001c597   Thumb Code     0  arm_startup_nrf52.o(.text)
    TIMER3_IRQHandler                        0x0001c597   Thumb Code     0  arm_startup_nrf52.o(.text)
    TIMER4_IRQHandler                        0x0001c597   Thumb Code     0  arm_startup_nrf52.o(.text)
    WDT_IRQHandler                           0x0001c597   Thumb Code     0  arm_startup_nrf52.o(.text)
    __aeabi_memcpy                           0x0001c5a1   Thumb Code    36  memcpya.o(.text)
    __aeabi_memcpy4                          0x0001c5a1   Thumb Code     0  memcpya.o(.text)
    __aeabi_memcpy8                          0x0001c5a1   Thumb Code     0  memcpya.o(.text)
    __aeabi_memset                           0x0001c5c5   Thumb Code    14  memseta.o(.text)
    __aeabi_memset4                          0x0001c5c5   Thumb Code     0  memseta.o(.text)
    __aeabi_memset8                          0x0001c5c5   Thumb Code     0  memseta.o(.text)
    __aeabi_memclr                           0x0001c5d3   Thumb Code     4  memseta.o(.text)
    __aeabi_memclr4                          0x0001c5d3   Thumb Code     0  memseta.o(.text)
    __aeabi_memclr8                          0x0001c5d3   Thumb Code     0  memseta.o(.text)
    _memset$wrapper                          0x0001c5d7   Thumb Code    18  memseta.o(.text)
    __aeabi_dmul                             0x0001c5e9   Thumb Code   228  dmul.o(.text)
    __aeabi_ddiv                             0x0001c6cd   Thumb Code   222  ddiv.o(.text)
    __aeabi_i2d                              0x0001c7ab   Thumb Code    34  dflti.o(.text)
    __aeabi_uidiv                            0x0001c7cd   Thumb Code     0  uidiv.o(.text)
    __aeabi_uidivmod                         0x0001c7cd   Thumb Code    44  uidiv.o(.text)
    __aeabi_uldivmod                         0x0001c7f9   Thumb Code    98  uldiv.o(.text)
    __I$use$fp                               0x0001c85b   Thumb Code     0  iusefp.o(.text)
    _double_round                            0x0001c85b   Thumb Code    30  depilogue.o(.text)
    _double_epilogue                         0x0001c879   Thumb Code   156  depilogue.o(.text)
    __aeabi_dadd                             0x0001c915   Thumb Code   322  dadd.o(.text)
    __aeabi_dsub                             0x0001ca57   Thumb Code     6  dadd.o(.text)
    __aeabi_drsub                            0x0001ca5d   Thumb Code     6  dadd.o(.text)
    __aeabi_d2ulz                            0x0001ca63   Thumb Code    48  dfixul.o(.text)
    __aeabi_cdrcmple                         0x0001ca95   Thumb Code    48  cdrcmple.o(.text)
    __scatterload                            0x0001cac5   Thumb Code    28  init.o(.text)
    __scatterload_rt2                        0x0001cac5   Thumb Code     0  init.o(.text)
    __aeabi_llsl                             0x0001cae9   Thumb Code    30  llshl.o(.text)
    _ll_shift_l                              0x0001cae9   Thumb Code     0  llshl.o(.text)
    __aeabi_llsr                             0x0001cb07   Thumb Code    32  llushr.o(.text)
    _ll_ushift_r                             0x0001cb07   Thumb Code     0  llushr.o(.text)
    __aeabi_lasr                             0x0001cb27   Thumb Code    36  llsshr.o(.text)
    _ll_sshift_r                             0x0001cb27   Thumb Code     0  llsshr.o(.text)
    __decompress                             0x0001cb4b   Thumb Code     0  __dczerorl2.o(.text)
    __decompress1                            0x0001cb4b   Thumb Code    86  __dczerorl2.o(.text)
    GPIOTE_IRQHandler                        0x0001cba1   Thumb Code   308  nrf_drv_gpiote.o(i.GPIOTE_IRQHandler)
    PWM0_IRQHandler                          0x0001cd69   Thumb Code     8  nrf_drv_pwm.o(i.PWM0_IRQHandler)
    RTC1_IRQHandler                          0x0001cd79   Thumb Code    32  app_timer.o(i.RTC1_IRQHandler)
    SAADC_IRQHandler                         0x0001cd9d   Thumb Code   172  nrf_drv_saadc.o(i.SAADC_IRQHandler)
    SPIM0_SPIS0_TWIM0_TWIS0_SPI0_TWI0_IRQHandler 0x0001ce59   Thumb Code     8  nrf_drv_twi.o(i.SPIM0_SPIS0_TWIM0_TWIS0_SPI0_TWI0_IRQHandler)
    SPIM1_SPIS1_TWIM1_TWIS1_SPI1_TWI1_IRQHandler 0x0001ce69   Thumb Code    10  nrf_drv_spi.o(i.SPIM1_SPIS1_TWIM1_TWIS1_SPI1_TWI1_IRQHandler)
    SPIM2_SPIS2_SPI2_IRQHandler              0x0001ce79   Thumb Code     8  nrf_drv_spi.o(i.SPIM2_SPIS2_SPI2_IRQHandler)
    SWI0_EGU0_IRQHandler                     0x0001ce89   Thumb Code     4  app_timer.o(i.SWI0_EGU0_IRQHandler)
    SWI2_EGU2_IRQHandler                     0x0001ce8d   Thumb Code    32  softdevice_handler.o(i.SWI2_EGU2_IRQHandler)
    SystemInit                               0x0001ceb1   Thumb Code   590  system_nrf52.o(i.SystemInit)
    UARTE0_UART0_IRQHandler                  0x0001d131   Thumb Code    14  nrf_drv_uart.o(i.UARTE0_UART0_IRQHandler)
    __0printf                                0x0001d145   Thumb Code    22  printfa.o(i.__0printf)
    __1printf                                0x0001d145   Thumb Code     0  printfa.o(i.__0printf)
    __2printf                                0x0001d145   Thumb Code     0  printfa.o(i.__0printf)
    __c89printf                              0x0001d145   Thumb Code     0  printfa.o(i.__0printf)
    printf                                   0x0001d145   Thumb Code     0  printfa.o(i.__0printf)
    __0sprintf                               0x0001d165   Thumb Code    34  printfa.o(i.__0sprintf)
    __1sprintf                               0x0001d165   Thumb Code     0  printfa.o(i.__0sprintf)
    __2sprintf                               0x0001d165   Thumb Code     0  printfa.o(i.__0sprintf)
    __c89sprintf                             0x0001d165   Thumb Code     0  printfa.o(i.__0sprintf)
    sprintf                                  0x0001d165   Thumb Code     0  printfa.o(i.__0sprintf)
    __scatterload_copy                       0x0001d18d   Thumb Code    14  handlers.o(i.__scatterload_copy)
    __scatterload_null                       0x0001d19b   Thumb Code     2  handlers.o(i.__scatterload_null)
    __scatterload_zeroinit                   0x0001d19d   Thumb Code    14  handlers.o(i.__scatterload_zeroinit)
    adcConvertCb                             0x0001da69   Thumb Code     2  adc.o(i.adcConvertCb)
    adv_data_encode                          0x0001da6b   Thumb Code   564  ble_advdata.o(i.adv_data_encode)
    app_button_enable                        0x0001dcc1   Thumb Code    32  app_button.o(i.app_button_enable)
    app_button_init                          0x0001dce5   Thumb Code    96  app_button.o(i.app_button_init)
    app_error_fault_handler                  0x0001dd55   Thumb Code    26  app_error_weak.o(i.app_error_fault_handler)
    app_error_handler_bare                   0x0001dd79   Thumb Code    22  app_error.o(i.app_error_handler_bare)
    app_fifo_get                             0x0001dd8f   Thumb Code    22  app_fifo.o(i.app_fifo_get)
    app_fifo_init                            0x0001dda5   Thumb Code    32  app_fifo.o(i.app_fifo_init)
    app_fifo_put                             0x0001ddc5   Thumb Code    26  app_fifo.o(i.app_fifo_put)
    app_timer_create                         0x0001dde1   Thumb Code    32  app_timer.o(i.app_timer_create)
    app_timer_init                           0x0001de05   Thumb Code   132  app_timer.o(i.app_timer_init)
    app_timer_start                          0x0001de91   Thumb Code   118  app_timer.o(i.app_timer_start)
    app_timer_stop                           0x0001df11   Thumb Code    76  app_timer.o(i.app_timer_stop)
    app_uart_get                             0x0001df61   Thumb Code    44  app_uart_fifo.o(i.app_uart_get)
    app_uart_init                            0x0001df95   Thumb Code   146  app_uart_fifo.o(i.app_uart_init)
    app_uart_put                             0x0001e039   Thumb Code    44  app_uart_fifo.o(i.app_uart_put)
    batteryAdcSampleTimerHandler             0x0001e0e5   Thumb Code   128  adc.o(i.batteryAdcSampleTimerHandler)
    batterycTestProcess                      0x0001e18d   Thumb Code    28  multiboard_process.o(i.batterycTestProcess)
    beepTestProcess                          0x0001e1ad   Thumb Code   204  multiboard_process.o(i.beepTestProcess)
    ble_advdata_set                          0x0001e295   Thumb Code   116  ble_advdata.o(i.ble_advdata_set)
    ble_advertising_init                     0x0001e309   Thumb Code   274  ble_advertising.o(i.ble_advertising_init)
    ble_advertising_on_ble_evt               0x0001e425   Thumb Code   114  ble_advertising.o(i.ble_advertising_on_ble_evt)
    ble_advertising_start                    0x0001e4ad   Thumb Code   470  ble_advertising.o(i.ble_advertising_start)
    ble_conn_params_init                     0x0001e68d   Thumb Code    72  ble_conn_params.o(i.ble_conn_params_init)
    ble_conn_params_on_ble_evt               0x0001e6e5   Thumb Code   120  ble_conn_params.o(i.ble_conn_params_on_ble_evt)
    ble_nus_init                             0x0001e7f5   Thumb Code    94  ble_nus.o(i.ble_nus_init)
    ble_nus_on_ble_evt                       0x0001e859   Thumb Code    82  ble_nus.o(i.ble_nus_on_ble_evt)
    ble_nus_string_send                      0x0001e8ab   Thumb Code    78  ble_nus.o(i.ble_nus_string_send)
    bsp_btn_ble_init                         0x0001e961   Thumb Code    76  bsp_btn_ble.o(i.bsp_btn_ble_init)
    bsp_btn_ble_on_ble_evt                   0x0001e9b1   Thumb Code    24  bsp_btn_ble.o(i.bsp_btn_ble_on_ble_evt)
    bsp_button_is_pressed                    0x0001ea81   Thumb Code    34  bsp.o(i.bsp_button_is_pressed)
    bsp_event_handler                        0x0001eaad   Thumb Code     4  main.o(i.bsp_event_handler)
    bsp_event_to_button_action_assign        0x0001eab1   Thumb Code    62  bsp.o(i.bsp_event_to_button_action_assign)
    bsp_indication_set                       0x0001eaf5   Thumb Code    20  bsp.o(i.bsp_indication_set)
    bsp_init                                 0x0001eb0d   Thumb Code   140  bsp.o(i.bsp_init)
    clrMenuView                              0x0001eea9   Thumb Code    20  multiboard_process.o(i.clrMenuView)
    clrOledLine                              0x0001eebd   Thumb Code    40  oled.o(i.clrOledLine)
    clrOledRam                               0x0001eee5   Thumb Code    72  oled.o(i.clrOledRam)
    convertSecondsToUtcTime                  0x0001f12d   Thumb Code   228  utc_date.o(i.convertSecondsToUtcTime)
    convertUtcTimeToSeconds                  0x0001f215   Thumb Code   164  utc_date.o(i.convertUtcTimeToSeconds)
    displayMainMenu                          0x0001f319   Thumb Code    76  multiboard_process.o(i.displayMainMenu)
    displayMpuData                           0x0001f36d   Thumb Code   256  mpu6050.o(i.displayMpuData)
    displayTime                              0x0001f479   Thumb Code   280  utc_date.o(i.displayTime)
    flashAdcTestProcess                      0x0001f5fd   Thumb Code    30  multiboard_process.o(i.flashAdcTestProcess)
    fputc                                    0x0001f621   Thumb Code    14  retarget.o(i.fputc)
    fs_queued_op_count_get                   0x0001f631   Thumb Code    16  fstorage.o(i.fs_queued_op_count_get)
    initBatteryAdc                           0x0001f6bd   Thumb Code    72  adc.o(i.initBatteryAdc)
    initBeepPwm                              0x0001f715   Thumb Code    42  pwm.o(i.initBeepPwm)
    initFlash                                0x0001f749   Thumb Code    24  flash.o(i.initFlash)
    initLightAdc                             0x0001f765   Thumb Code    58  adc.o(i.initLightAdc)
    initMpu                                  0x0001f7ad   Thumb Code    74  mpu6050.o(i.initMpu)
    initMpuTwi                               0x0001f801   Thumb Code    42  mpu6050.o(i.initMpuTwi)
    initOled                                 0x0001f835   Thumb Code   194  oled.o(i.initOled)
    initOledPin                              0x0001f8f7   Thumb Code    28  oled.o(i.initOledPin)
    initRgbPwm                               0x0001f915   Thumb Code    94  pwm.o(i.initRgbPwm)
    initSpiToFlash                           0x0001f97d   Thumb Code    56  flash.o(i.initSpiToFlash)
    initSpiToOled                            0x0001f9bd   Thumb Code    56  oled.o(i.initSpiToOled)
    initUtcDate                              0x0001f9fd   Thumb Code    78  utc_date.o(i.initUtcDate)
    intern_softdevice_events_execute         0x0001fa59   Thumb Code   106  softdevice_handler.o(i.intern_softdevice_events_execute)
    keyMenuProcess                           0x0001fc51   Thumb Code    76  multiboard_process.o(i.keyMenuProcess)
    keyTestProcess                           0x0001fca5   Thumb Code    74  multiboard_process.o(i.keyTestProcess)
    lightAdcTestProcess                      0x0001fda1   Thumb Code    30  multiboard_process.o(i.lightAdcTestProcess)
    lightSensorSampleTimerHandle             0x0001fdc5   Thumb Code    78  adc.o(i.lightSensorSampleTimerHandle)
    main                                     0x0001ff95   Thumb Code   390  main.o(i.main)
    mainMenuDown                             0x0002015d   Thumb Code    86  multiboard_process.o(i.mainMenuDown)
    mainMenuProcess                          0x000201b9   Thumb Code    34  multiboard_process.o(i.mainMenuProcess)
    mainMenuUp                               0x000201e1   Thumb Code    90  multiboard_process.o(i.mainMenuUp)
    motoAdcTestProcess                       0x000202a5   Thumb Code    30  multiboard_process.o(i.motoAdcTestProcess)
    mpuTestProcess                           0x000202cd   Thumb Code    28  multiboard_process.o(i.mpuTestProcess)
    nrf_delay_ms                             0x00020389   Thumb Code    26  nrf_delay.o(i.nrf_delay_ms)
    nrf_drv_common_irq_enable                0x000203a3   Thumb Code    56  nrf_drv_common.o(i.nrf_drv_common_irq_enable)
    nrf_drv_gpiote_in_event_enable           0x000203dd   Thumb Code   152  nrf_drv_gpiote.o(i.nrf_drv_gpiote_in_event_enable)
    nrf_drv_gpiote_in_init                   0x00020481   Thumb Code   170  nrf_drv_gpiote.o(i.nrf_drv_gpiote_in_init)
    nrf_drv_gpiote_in_is_set                 0x00020539   Thumb Code    16  nrf_drv_gpiote.o(i.nrf_drv_gpiote_in_is_set)
    nrf_drv_gpiote_init                      0x0002054d   Thumb Code    76  nrf_drv_gpiote.o(i.nrf_drv_gpiote_init)
    nrf_drv_gpiote_is_init                   0x000205a1   Thumb Code    14  nrf_drv_gpiote.o(i.nrf_drv_gpiote_is_init)
    nrf_drv_pwm_init                         0x000205b5   Thumb Code   150  nrf_drv_pwm.o(i.nrf_drv_pwm_init)
    nrf_drv_pwm_is_stopped                   0x00020655   Thumb Code    40  nrf_drv_pwm.o(i.nrf_drv_pwm_is_stopped)
    nrf_drv_pwm_simple_playback              0x00020681   Thumb Code   106  nrf_drv_pwm.o(i.nrf_drv_pwm_simple_playback)
    nrf_drv_pwm_stop                         0x000206f1   Thumb Code    38  nrf_drv_pwm.o(i.nrf_drv_pwm_stop)
    nrf_drv_pwm_uninit                       0x00020719   Thumb Code    48  nrf_drv_pwm.o(i.nrf_drv_pwm_uninit)
    nrf_drv_saadc_channel_init               0x0002074d   Thumb Code    68  nrf_drv_saadc.o(i.nrf_drv_saadc_channel_init)
    nrf_drv_saadc_channel_uninit             0x00020795   Thumb Code    66  nrf_drv_saadc.o(i.nrf_drv_saadc_channel_uninit)
    nrf_drv_saadc_init                       0x000207dd   Thumb Code    94  nrf_drv_saadc.o(i.nrf_drv_saadc_init)
    nrf_drv_saadc_limits_set                 0x00020851   Thumb Code   120  nrf_drv_saadc.o(i.nrf_drv_saadc_limits_set)
    nrf_drv_saadc_sample_convert             0x000208d1   Thumb Code   168  nrf_drv_saadc.o(i.nrf_drv_saadc_sample_convert)
    nrf_drv_saadc_uninit                     0x00020989   Thumb Code   100  nrf_drv_saadc.o(i.nrf_drv_saadc_uninit)
    nrf_drv_spi_init                         0x000209f9   Thumb Code   278  nrf_drv_spi.o(i.nrf_drv_spi_init)
    nrf_drv_spi_transfer                     0x00020b1d   Thumb Code    28  nrf_drv_spi.o(i.nrf_drv_spi_transfer)
    nrf_drv_spi_uninit                       0x00020b39   Thumb Code    62  nrf_drv_spi.o(i.nrf_drv_spi_uninit)
    nrf_drv_spi_xfer                         0x00020b7d   Thumb Code    92  nrf_drv_spi.o(i.nrf_drv_spi_xfer)
    nrf_drv_twi_disable                      0x00020be1   Thumb Code    44  nrf_drv_twi.o(i.nrf_drv_twi_disable)
    nrf_drv_twi_enable                       0x00020c11   Thumb Code    28  nrf_drv_twi.o(i.nrf_drv_twi_enable)
    nrf_drv_twi_init                         0x00020c31   Thumb Code   134  nrf_drv_twi.o(i.nrf_drv_twi_init)
    nrf_drv_twi_rx                           0x00020cc1   Thumb Code    32  nrf_drv_twi.o(i.nrf_drv_twi_rx)
    nrf_drv_twi_tx                           0x00020ce5   Thumb Code    36  nrf_drv_twi.o(i.nrf_drv_twi_tx)
    nrf_drv_twi_uninit                       0x00020d09   Thumb Code    56  nrf_drv_twi.o(i.nrf_drv_twi_uninit)
    nrf_drv_twi_xfer                         0x00020d45   Thumb Code    40  nrf_drv_twi.o(i.nrf_drv_twi_xfer)
    nrf_drv_uart_init                        0x00020d71   Thumb Code   126  nrf_drv_uart.o(i.nrf_drv_uart_init)
    nrf_drv_uart_rx                          0x00020e05   Thumb Code   122  nrf_drv_uart.o(i.nrf_drv_uart_rx)
    nrf_drv_uart_rx_enable                   0x00020e89   Thumb Code    26  nrf_drv_uart.o(i.nrf_drv_uart_rx_enable)
    nrf_drv_uart_tx                          0x00020fcd   Thumb Code   134  nrf_drv_uart.o(i.nrf_drv_uart_tx)
    nrf_drv_uart_tx_in_progress              0x000210d9   Thumb Code    12  nrf_drv_uart.o(i.nrf_drv_uart_tx_in_progress)
    nrf_saadc_channel_init                   0x0002126d   Thumb Code    90  nrf_saadc.o(i.nrf_saadc_channel_init)
    pstorage_access_status_get               0x00021435   Thumb Code    28  pstorage.o(i.pstorage_access_status_get)
    readFlashId                              0x00021459   Thumb Code    50  flash.o(i.readFlashId)
    readFlashPage                            0x00021491   Thumb Code    90  flash.o(i.readFlashPage)
    readMpuAcc                               0x000214f1   Thumb Code    84  mpu6050.o(i.readMpuAcc)
    readMpuGyro                              0x00021545   Thumb Code    84  mpu6050.o(i.readMpuGyro)
    readMpuTemp                              0x00021599   Thumb Code    30  mpu6050.o(i.readMpuTemp)
    readMpuTimerHandler                      0x000215b7   Thumb Code     4  mpu6050.o(i.readMpuTimerHandler)
    readMultiMpuReg                          0x000215bd   Thumb Code    40  mpu6050.o(i.readMultiMpuReg)
    rgbAdcTestProcess                        0x000215e9   Thumb Code   208  multiboard_process.o(i.rgbAdcTestProcess)
    sd_check_ram_start                       0x0002184d   Thumb Code    10  softdevice_handler.o(i.sd_check_ram_start)
    setBPwmDuty                              0x0002196d   Thumb Code    42  pwm.o(i.setBPwmDuty)
    setBeepPwmParams                         0x000219a1   Thumb Code    56  pwm.o(i.setBeepPwmParams)
    setGPwmDuty                              0x000219e5   Thumb Code    42  pwm.o(i.setGPwmDuty)
    setRPwmDuty                              0x00021a19   Thumb Code    42  pwm.o(i.setRPwmDuty)
    showTestItem                             0x00021a4d   Thumb Code   500  multiboard_process.o(i.showTestItem)
    softdevice_ble_evt_handler_set           0x00021d69   Thumb Code    14  softdevice_handler.o(i.softdevice_ble_evt_handler_set)
    softdevice_enable                        0x00021d7d   Thumb Code    14  softdevice_handler.o(i.softdevice_enable)
    softdevice_enable_get_default_config     0x00021d91   Thumb Code    38  softdevice_handler.o(i.softdevice_enable_get_default_config)
    softdevice_fault_handler                 0x00021db7   Thumb Code     4  softdevice_handler.o(i.softdevice_fault_handler)
    softdevice_handler_init                  0x00021dbd   Thumb Code    42  softdevice_handler.o(i.softdevice_handler_init)
    uart_event_handle                        0x00022459   Thumb Code    84  main.o(i.uart_event_handle)
    unInitBatteryAdc                         0x00022749   Thumb Code    18  adc.o(i.unInitBatteryAdc)
    unInitBeepPwm                            0x00022761   Thumb Code    20  pwm.o(i.unInitBeepPwm)
    unInitFlash                              0x00022779   Thumb Code     6  flash.o(i.unInitFlash)
    unInitLightAdc                           0x00022785   Thumb Code    18  adc.o(i.unInitLightAdc)
    unInitRgbPwm                             0x0002279d   Thumb Code    20  pwm.o(i.unInitRgbPwm)
    uninitMpu                                0x000227b5   Thumb Code    20  mpu6050.o(i.uninitMpu)
    updateMainMenu                           0x000227d1   Thumb Code    52  multiboard_process.o(i.updateMainMenu)
    updateSeconds                            0x0002280d   Thumb Code    22  utc_date.o(i.updateSeconds)
    verisonProcess                           0x000229c5   Thumb Code    24  multiboard_process.o(i.verisonProcess)
    welcomScreen                             0x000229e1   Thumb Code    60  oled.o(i.welcomScreen)
    writeFlashCmd                            0x00022a8d   Thumb Code    34  flash.o(i.writeFlashCmd)
    writeFlashPage                           0x00022ab5   Thumb Code   100  flash.o(i.writeFlashPage)
    writeMpuReg                              0x00022b1d   Thumb Code    30  mpu6050.o(i.writeMpuReg)
    writeOled5x7ASCII                        0x00022b41   Thumb Code    70  oled.o(i.writeOled5x7ASCII)
    writeOled5x7ASCIIs                       0x00022b8d   Thumb Code    32  oled.o(i.writeOled5x7ASCIIs)
    writeOled5x7Arrow                        0x00022bad   Thumb Code    64  oled.o(i.writeOled5x7Arrow)
    writeOledCmd                             0x00022bf1   Thumb Code    46  oled.o(i.writeOledCmd)
    writeOledData                            0x00022c25   Thumb Code    46  oled.o(i.writeOledData)
    gau8MenuChar                             0x00022d40   Data         100  multiboard_process.o(.constdata)
    gau8Arrow5x7                             0x00022da4   Data           6  oled.o(.constdata)
    gau8Number8x16                           0x00022daa   Data         176  oled.o(.constdata)
    gau8Number12x24                          0x00022e5a   Data         468  oled.o(.constdata)
    gau8twodot8x16                           0x0002302e   Data          16  oled.o(.constdata)
    gau8Number6x8                            0x0002303e   Data          60  oled.o(.constdata)
    gau8ASCII8x16                            0x0002307a   Data         416  oled.o(.constdata)
    gau8ASCII5x7                             0x0002321a   Data         552  oled.o(.constdata)
    Region$$Table$$Base                      0x00023564   Number         0  anon$$obj.o(Region$$Table)
    Region$$Table$$Limit                     0x00023584   Number         0  anon$$obj.o(Region$$Table)
    Image$$RW_IRAM1$$Base                    0x20002080   Number         0  anon$$obj.o ABSOLUTE
    lu32FlashId                              0x20002108   Data           4  flash.o(.data)
    gtFlashSpi                               0x2000210c   Data           8  flash.o(.data)
    gtMpuTwi                                 0x20002114   Data           8  mpu6050.o(.data)
    gtMenuProcess                            0x2000211c   Data         252  multiboard_process.o(.data)
    gtSpi                                    0x20002218   Data           8  oled.o(.data)
    gtPwm                                    0x20002224   Data           8  pwm.o(.data)
    gu32UtcSeconds                           0x20002234   Data           4  utc_date.o(.data)
    __stdout                                 0x20002274   Data           4  retarget.o(.data)
    SystemCoreClock                          0x2000228c   Data           4  system_nrf52.o(.data)
    gtSysVal                                 0x20002a50   Data          20  multiboard_process.o(.bss)
    nrf_nvic_state                           0x20002b90   Data          12  softdevice_handler.o(.bss)
    __initial_sp                             0x20004ba0   Data           0  arm_startup_nrf52.o(STACK)



==============================================================================

Memory Map of the image

  Image Entry point : 0x0001c401

  Load Region LR_IROM1 (Base: 0x0001c000, Size: 0x00007794, Max: 0x00064000, ABSOLUTE, COMPRESSED[0x00007624])

    Execution Region ER_IROM1 (Base: 0x0001c000, Size: 0x00007584, Max: 0x00064000, ABSOLUTE)

    Base Addr    Size         Type   Attr      Idx    E Section Name        Object

    0x0001c000   0x00000400   Data   RO         3790    RESET               arm_startup_nrf52.o
    0x0001c400   0x00000000   Code   RO         3836  * .ARM.Collect$$$$00000000  mc_w.l(entry.o)
    0x0001c400   0x00000004   Code   RO         4116    .ARM.Collect$$$$00000001  mc_w.l(entry2.o)
    0x0001c404   0x00000004   Code   RO         4119    .ARM.Collect$$$$00000004  mc_w.l(entry5.o)
    0x0001c408   0x00000000   Code   RO         4121    .ARM.Collect$$$$00000008  mc_w.l(entry7b.o)
    0x0001c408   0x00000000   Code   RO         4123    .ARM.Collect$$$$0000000A  mc_w.l(entry8b.o)
    0x0001c408   0x00000008   Code   RO         4124    .ARM.Collect$$$$0000000B  mc_w.l(entry9a.o)
    0x0001c410   0x00000000   Code   RO         4126    .ARM.Collect$$$$0000000D  mc_w.l(entry10a.o)
    0x0001c410   0x00000000   Code   RO         4128    .ARM.Collect$$$$0000000F  mc_w.l(entry11a.o)
    0x0001c410   0x00000004   Code   RO         4117    .ARM.Collect$$$$00002712  mc_w.l(entry2.o)
    0x0001c414   0x00000076   Code   RO          888    .emb_text           nrf_delay.o
    0x0001c48a   0x00000002   PAD
    0x0001c48c   0x00000076   Code   RO         2610    .emb_text           nrf_drv_twi.o
    0x0001c502   0x00000002   PAD
    0x0001c504   0x00000076   Code   RO         3085    .emb_text           app_timer.o
    0x0001c57a   0x00000002   PAD
    0x0001c57c   0x00000024   Code   RO         3791    .text               arm_startup_nrf52.o
    0x0001c5a0   0x00000024   Code   RO         3839    .text               mc_w.l(memcpya.o)
    0x0001c5c4   0x00000024   Code   RO         3841    .text               mc_w.l(memseta.o)
    0x0001c5e8   0x000000e4   Code   RO         4110    .text               mf_w.l(dmul.o)
    0x0001c6cc   0x000000de   Code   RO         4112    .text               mf_w.l(ddiv.o)
    0x0001c7aa   0x00000022   Code   RO         4114    .text               mf_w.l(dflti.o)
    0x0001c7cc   0x0000002c   Code   RO         4130    .text               mc_w.l(uidiv.o)
    0x0001c7f8   0x00000062   Code   RO         4132    .text               mc_w.l(uldiv.o)
    0x0001c85a   0x00000000   Code   RO         4134    .text               mc_w.l(iusefp.o)
    0x0001c85a   0x000000ba   Code   RO         4135    .text               mf_w.l(depilogue.o)
    0x0001c914   0x0000014e   Code   RO         4137    .text               mf_w.l(dadd.o)
    0x0001ca62   0x00000030   Code   RO         4139    .text               mf_w.l(dfixul.o)
    0x0001ca92   0x00000002   PAD
    0x0001ca94   0x00000030   Code   RO         4141    .text               mf_w.l(cdrcmple.o)
    0x0001cac4   0x00000024   Code   RO         4143    .text               mc_w.l(init.o)
    0x0001cae8   0x0000001e   Code   RO         4145    .text               mc_w.l(llshl.o)
    0x0001cb06   0x00000020   Code   RO         4147    .text               mc_w.l(llushr.o)
    0x0001cb26   0x00000024   Code   RO         4149    .text               mc_w.l(llsshr.o)
    0x0001cb4a   0x00000056   Code   RO         4159    .text               mc_w.l(__dczerorl2.o)
    0x0001cba0   0x00000140   Code   RO          961    i.GPIOTE_IRQHandler  nrf_drv_gpiote.o
    0x0001cce0   0x00000016   Code   RO         3086    i.NVIC_ClearPendingIRQ  app_timer.o
    0x0001ccf6   0x00000016   Code   RO         3087    i.NVIC_EnableIRQ    app_timer.o
    0x0001cd0c   0x00000016   Code   RO         3088    i.NVIC_SetPendingIRQ  app_timer.o
    0x0001cd22   0x00000020   Code   RO         3089    i.NVIC_SetPriority  app_timer.o
    0x0001cd42   0x00000002   PAD
    0x0001cd44   0x00000024   Code   RO         3798    i.NVIC_SystemReset  system_nrf52.o
    0x0001cd68   0x00000010   Code   RO         2412    i.PWM0_IRQHandler   nrf_drv_pwm.o
    0x0001cd78   0x00000024   Code   RO         3090    i.RTC1_IRQHandler   app_timer.o
    0x0001cd9c   0x000000bc   Code   RO         2754    i.SAADC_IRQHandler  nrf_drv_saadc.o
    0x0001ce58   0x00000010   Code   RO         2611    i.SPIM0_SPIS0_TWIM0_TWIS0_SPI0_TWI0_IRQHandler  nrf_drv_twi.o
    0x0001ce68   0x00000010   Code   RO         2517    i.SPIM1_SPIS1_TWIM1_TWIS1_SPI1_TWI1_IRQHandler  nrf_drv_spi.o
    0x0001ce78   0x00000010   Code   RO         2518    i.SPIM2_SPIS2_SPI2_IRQHandler  nrf_drv_spi.o
    0x0001ce88   0x00000004   Code   RO         3091    i.SWI0_EGU0_IRQHandler  app_timer.o
    0x0001ce8c   0x00000024   Code   RO         3690    i.SWI2_EGU2_IRQHandler  softdevice_handler.o
    0x0001ceb0   0x00000280   Code   RO         3800    i.SystemInit        system_nrf52.o
    0x0001d130   0x00000014   Code   RO         1160    i.UARTE0_UART0_IRQHandler  nrf_drv_uart.o
    0x0001d144   0x00000020   Code   RO         4082    i.__0printf         mc_w.l(printfa.o)
    0x0001d164   0x00000028   Code   RO         4084    i.__0sprintf        mc_w.l(printfa.o)
    0x0001d18c   0x0000000e   Code   RO         4153    i.__scatterload_copy  mc_w.l(handlers.o)
    0x0001d19a   0x00000002   Code   RO         4154    i.__scatterload_null  mc_w.l(handlers.o)
    0x0001d19c   0x0000000e   Code   RO         4155    i.__scatterload_zeroinit  mc_w.l(handlers.o)
    0x0001d1aa   0x00000002   PAD
    0x0001d1ac   0x00000184   Code   RO         4089    i._fp_digits        mc_w.l(printfa.o)
    0x0001d330   0x000006dc   Code   RO         4090    i._printf_core      mc_w.l(printfa.o)
    0x0001da0c   0x00000024   Code   RO         4091    i._printf_post_padding  mc_w.l(printfa.o)
    0x0001da30   0x0000002e   Code   RO         4092    i._printf_pre_padding  mc_w.l(printfa.o)
    0x0001da5e   0x0000000a   Code   RO         4094    i._sputc            mc_w.l(printfa.o)
    0x0001da68   0x00000002   Code   RO         1611    i.adcConvertCb      adc.o
    0x0001da6a   0x00000234   Code   RO          456    i.adv_data_encode   ble_advdata.o
    0x0001dc9e   0x00000002   PAD
    0x0001dca0   0x00000020   Code   RO          302    i.alert_timer_handler  bsp.o
    0x0001dcc0   0x00000024   Code   RO         2890    i.app_button_enable  app_button.o
    0x0001dce4   0x00000070   Code   RO         2891    i.app_button_init   app_button.o
    0x0001dd54   0x00000024   Code   RO         2991    i.app_error_fault_handler  app_error_weak.o
    0x0001dd78   0x00000016   Code   RO         2952    i.app_error_handler_bare  app_error.o
    0x0001dd8e   0x00000016   Code   RO         3016    i.app_fifo_get      app_fifo.o
    0x0001dda4   0x00000020   Code   RO         3017    i.app_fifo_init     app_fifo.o
    0x0001ddc4   0x0000001a   Code   RO         3019    i.app_fifo_put      app_fifo.o
    0x0001ddde   0x00000002   PAD
    0x0001dde0   0x00000024   Code   RO         3094    i.app_timer_create  app_timer.o
    0x0001de04   0x0000008c   Code   RO         3095    i.app_timer_init    app_timer.o
    0x0001de90   0x00000080   Code   RO         3096    i.app_timer_start   app_timer.o
    0x0001df10   0x00000050   Code   RO         3097    i.app_timer_stop    app_timer.o
    0x0001df60   0x00000034   Code   RO          812    i.app_uart_get      app_uart_fifo.o
    0x0001df94   0x000000a4   Code   RO          813    i.app_uart_init     app_uart_fifo.o
    0x0001e038   0x00000034   Code   RO          814    i.app_uart_put      app_uart_fifo.o
    0x0001e06c   0x00000078   Code   RO         1161    i.apply_config      nrf_drv_uart.o
    0x0001e0e4   0x000000a8   Code   RO         1612    i.batteryAdcSampleTimerHandler  adc.o
    0x0001e18c   0x00000020   Code   RO         1896    i.batterycTestProcess  multiboard_process.o
    0x0001e1ac   0x000000e8   Code   RO         1897    i.beepTestProcess   multiboard_process.o
    0x0001e294   0x00000074   Code   RO          457    i.ble_advdata_set   ble_advdata.o
    0x0001e308   0x0000011c   Code   RO          547    i.ble_advertising_init  ble_advertising.o
    0x0001e424   0x00000078   Code   RO          548    i.ble_advertising_on_ble_evt  ble_advertising.o
    0x0001e49c   0x00000010   Code   RO          551    i.ble_advertising_peer_address_clear  ble_advertising.o
    0x0001e4ac   0x000001e0   Code   RO          553    i.ble_advertising_start  ble_advertising.o
    0x0001e68c   0x00000058   Code   RO          638    i.ble_conn_params_init  ble_conn_params.o
    0x0001e6e4   0x00000084   Code   RO          639    i.ble_conn_params_on_ble_evt  ble_conn_params.o
    0x0001e768   0x0000005e   Code   RO          458    i.ble_device_addr_encode  ble_advdata.o
    0x0001e7c6   0x00000002   PAD
    0x0001e7c8   0x0000002c   Code   RO            5    i.ble_evt_dispatch  main.o
    0x0001e7f4   0x00000064   Code   RO          716    i.ble_nus_init      ble_nus.o
    0x0001e858   0x00000052   Code   RO          717    i.ble_nus_on_ble_evt  ble_nus.o
    0x0001e8aa   0x0000004e   Code   RO          718    i.ble_nus_string_send  ble_nus.o
    0x0001e8f8   0x00000068   Code   RO            6    i.ble_stack_init    main.o
    0x0001e960   0x00000050   Code   RO          413    i.bsp_btn_ble_init  bsp_btn_ble.o
    0x0001e9b0   0x0000001c   Code   RO          414    i.bsp_btn_ble_on_ble_evt  bsp_btn_ble.o
    0x0001e9cc   0x000000b4   Code   RO          303    i.bsp_button_event_handler  bsp.o
    0x0001ea80   0x0000002c   Code   RO          304    i.bsp_button_is_pressed  bsp.o
    0x0001eaac   0x00000004   Code   RO            7    i.bsp_event_handler  main.o
    0x0001eab0   0x00000044   Code   RO          308    i.bsp_event_to_button_action_assign  bsp.o
    0x0001eaf4   0x00000018   Code   RO          309    i.bsp_indication_set  bsp.o
    0x0001eb0c   0x000000a4   Code   RO          311    i.bsp_init          bsp.o
    0x0001ebb0   0x00000218   Code   RO          312    i.bsp_led_indication  bsp.o
    0x0001edc8   0x00000008   Code   RO          314    i.button_timer_handler  bsp.o
    0x0001edd0   0x00000056   Code   RO          416    i.cfgMultiboardBtns  bsp_btn_ble.o
    0x0001ee26   0x00000002   PAD
    0x0001ee28   0x0000001c   Code   RO          962    i.channel_free      nrf_drv_gpiote.o
    0x0001ee44   0x00000054   Code   RO          963    i.channel_port_alloc  nrf_drv_gpiote.o
    0x0001ee98   0x00000010   Code   RO          964    i.channel_port_get  nrf_drv_gpiote.o
    0x0001eea8   0x00000014   Code   RO         1898    i.clrMenuView       multiboard_process.o
    0x0001eebc   0x00000028   Code   RO         2065    i.clrOledLine       oled.o
    0x0001eee4   0x00000048   Code   RO         2066    i.clrOledRam        oled.o
    0x0001ef2c   0x000000ac   Code   RO         3099    i.compare_reg_update  app_timer.o
    0x0001efd8   0x00000068   Code   RO         2413    i.configure_pins    nrf_drv_pwm.o
    0x0001f040   0x0000008c   Code   RO          459    i.conn_int_encode   ble_advdata.o
    0x0001f0cc   0x00000004   Code   RO            8    i.conn_params_error_handler  main.o
    0x0001f0d0   0x0000005c   Code   RO          641    i.conn_params_negotiation  ble_conn_params.o
    0x0001f12c   0x000000e8   Code   RO         2340    i.convertSecondsToUtcTime  utc_date.o
    0x0001f214   0x000000a4   Code   RO         2341    i.convertUtcTimeToSeconds  utc_date.o
    0x0001f2b8   0x00000060   Code   RO         2893    i.detection_delay_timeout_handler  app_button.o
    0x0001f318   0x00000054   Code   RO         1899    i.displayMainMenu   multiboard_process.o
    0x0001f36c   0x0000010c   Code   RO         1793    i.displayMpuData    mpu6050.o
    0x0001f478   0x0000011c   Code   RO         2342    i.displayTime       utc_date.o
    0x0001f594   0x00000040   Code   RO         3100    i.elapsed_ticks_acquire  app_timer.o
    0x0001f5d4   0x00000014   Code   RO         3022    i.fifo_get          app_fifo.o
    0x0001f5e8   0x00000012   Code   RO         3023    i.fifo_put          app_fifo.o
    0x0001f5fa   0x00000002   PAD
    0x0001f5fc   0x00000024   Code   RO         1900    i.flashAdcTestProcess  multiboard_process.o
    0x0001f620   0x0000000e   Code   RO         3506    i.fputc             retarget.o
    0x0001f62e   0x00000002   PAD
    0x0001f630   0x00000014   Code   RO         3300    i.fs_queued_op_count_get  fstorage.o
    0x0001f644   0x0000001e   Code   RO         2343    i.getDaysOfMonth    utc_date.o
    0x0001f662   0x00000002   PAD
    0x0001f664   0x00000058   Code   RO         2894    i.gpiote_event_handler  app_button.o
    0x0001f6bc   0x00000058   Code   RO         1613    i.initBatteryAdc    adc.o
    0x0001f714   0x00000034   Code   RO         2261    i.initBeepPwm       pwm.o
    0x0001f748   0x0000001c   Code   RO         1694    i.initFlash         flash.o
    0x0001f764   0x00000048   Code   RO         1614    i.initLightAdc      adc.o
    0x0001f7ac   0x00000054   Code   RO         1794    i.initMpu           mpu6050.o
    0x0001f800   0x00000034   Code   RO         1795    i.initMpuTwi        mpu6050.o
    0x0001f834   0x000000c2   Code   RO         2068    i.initOled          oled.o
    0x0001f8f6   0x0000001c   Code   RO         2069    i.initOledPin       oled.o
    0x0001f912   0x00000002   PAD
    0x0001f914   0x00000068   Code   RO         2262    i.initRgbPwm        pwm.o
    0x0001f97c   0x00000040   Code   RO         1695    i.initSpiToFlash    flash.o
    0x0001f9bc   0x00000040   Code   RO         2070    i.initSpiToOled     oled.o
    0x0001f9fc   0x0000005c   Code   RO         2345    i.initUtcDate       utc_date.o
    0x0001fa58   0x00000070   Code   RO         3691    i.intern_softdevice_events_execute  softdevice_handler.o
    0x0001fac8   0x00000088   Code   RO         2414    i.irq_handler       nrf_drv_pwm.o
    0x0001fb50   0x0000002c   Code   RO         2519    i.irq_handler_spi   nrf_drv_spi.o
    0x0001fb7c   0x000000b6   Code   RO         2612    i.irq_handler_twi   nrf_drv_twi.o
    0x0001fc32   0x00000002   PAD
    0x0001fc34   0x0000001c   Code   RO          642    i.is_conn_params_ok  ble_conn_params.o
    0x0001fc50   0x00000054   Code   RO         1901    i.keyMenuProcess    multiboard_process.o
    0x0001fca4   0x00000094   Code   RO         1902    i.keyTestProcess    multiboard_process.o
    0x0001fd38   0x00000054   Code   RO          460    i.le_role_encode    ble_advdata.o
    0x0001fd8c   0x00000014   Code   RO          315    i.leds_timer_handler  bsp.o
    0x0001fda0   0x00000024   Code   RO         1903    i.lightAdcTestProcess  multiboard_process.o
    0x0001fdc4   0x00000058   Code   RO         1615    i.lightSensorSampleTimerHandle  adc.o
    0x0001fe1c   0x000000ac   Code   RO         3101    i.list_deletions_handler  app_timer.o
    0x0001fec8   0x000000cc   Code   RO         3102    i.list_insertions_handler  app_timer.o
    0x0001ff94   0x000001c8   Code   RO            9    i.main              main.o
    0x0002015c   0x0000005c   Code   RO         1904    i.mainMenuDown      multiboard_process.o
    0x000201b8   0x00000028   Code   RO         1905    i.mainMenuProcess   multiboard_process.o
    0x000201e0   0x00000060   Code   RO         1906    i.mainMenuUp        multiboard_process.o
    0x00020240   0x00000064   Code   RO          461    i.manuf_specific_data_encode  ble_advdata.o
    0x000202a4   0x00000028   Code   RO         1907    i.motoAdcTestProcess  multiboard_process.o
    0x000202cc   0x00000020   Code   RO         1908    i.mpuTestProcess    multiboard_process.o
    0x000202ec   0x0000009c   Code   RO          462    i.name_encode       ble_advdata.o
    0x00020388   0x0000001a   Code   RO          889    i.nrf_delay_ms      nrf_delay.o
    0x000203a2   0x00000038   Code   RO          923    i.nrf_drv_common_irq_enable  nrf_drv_common.o
    0x000203da   0x00000002   PAD
    0x000203dc   0x000000a4   Code   RO          967    i.nrf_drv_gpiote_in_event_enable  nrf_drv_gpiote.o
    0x00020480   0x000000b8   Code   RO          968    i.nrf_drv_gpiote_in_init  nrf_drv_gpiote.o
    0x00020538   0x00000014   Code   RO          969    i.nrf_drv_gpiote_in_is_set  nrf_drv_gpiote.o
    0x0002054c   0x00000054   Code   RO          971    i.nrf_drv_gpiote_init  nrf_drv_gpiote.o
    0x000205a0   0x00000014   Code   RO          972    i.nrf_drv_gpiote_is_init  nrf_drv_gpiote.o
    0x000205b4   0x000000a0   Code   RO         2416    i.nrf_drv_pwm_init  nrf_drv_pwm.o
    0x00020654   0x0000002c   Code   RO         2417    i.nrf_drv_pwm_is_stopped  nrf_drv_pwm.o
    0x00020680   0x00000070   Code   RO         2418    i.nrf_drv_pwm_simple_playback  nrf_drv_pwm.o
    0x000206f0   0x00000026   Code   RO         2419    i.nrf_drv_pwm_stop  nrf_drv_pwm.o
    0x00020716   0x00000002   PAD
    0x00020718   0x00000034   Code   RO         2420    i.nrf_drv_pwm_uninit  nrf_drv_pwm.o
    0x0002074c   0x00000048   Code   RO         2757    i.nrf_drv_saadc_channel_init  nrf_drv_saadc.o
    0x00020794   0x00000048   Code   RO         2758    i.nrf_drv_saadc_channel_uninit  nrf_drv_saadc.o
    0x000207dc   0x00000074   Code   RO         2759    i.nrf_drv_saadc_init  nrf_drv_saadc.o
    0x00020850   0x00000080   Code   RO         2761    i.nrf_drv_saadc_limits_set  nrf_drv_saadc.o
    0x000208d0   0x000000b8   Code   RO         2763    i.nrf_drv_saadc_sample_convert  nrf_drv_saadc.o
    0x00020988   0x00000070   Code   RO         2764    i.nrf_drv_saadc_uninit  nrf_drv_saadc.o
    0x000209f8   0x00000124   Code   RO         2520    i.nrf_drv_spi_init  nrf_drv_spi.o
    0x00020b1c   0x0000001c   Code   RO         2521    i.nrf_drv_spi_transfer  nrf_drv_spi.o
    0x00020b38   0x00000044   Code   RO         2522    i.nrf_drv_spi_uninit  nrf_drv_spi.o
    0x00020b7c   0x00000064   Code   RO         2523    i.nrf_drv_spi_xfer  nrf_drv_spi.o
    0x00020be0   0x00000030   Code   RO         2614    i.nrf_drv_twi_disable  nrf_drv_twi.o
    0x00020c10   0x00000020   Code   RO         2615    i.nrf_drv_twi_enable  nrf_drv_twi.o
    0x00020c30   0x00000090   Code   RO         2616    i.nrf_drv_twi_init  nrf_drv_twi.o
    0x00020cc0   0x00000024   Code   RO         2617    i.nrf_drv_twi_rx    nrf_drv_twi.o
    0x00020ce4   0x00000024   Code   RO         2620    i.nrf_drv_twi_tx    nrf_drv_twi.o
    0x00020d08   0x0000003c   Code   RO         2621    i.nrf_drv_twi_uninit  nrf_drv_twi.o
    0x00020d44   0x0000002c   Code   RO         2622    i.nrf_drv_twi_xfer  nrf_drv_twi.o
    0x00020d70   0x00000094   Code   RO         1163    i.nrf_drv_uart_init  nrf_drv_uart.o
    0x00020e04   0x00000084   Code   RO         1164    i.nrf_drv_uart_rx   nrf_drv_uart.o
    0x00020e88   0x00000020   Code   RO         1167    i.nrf_drv_uart_rx_enable  nrf_drv_uart.o
    0x00020ea8   0x00000094   Code   RO         1168    i.nrf_drv_uart_rx_for_uart  nrf_drv_uart.o
    0x00020f3c   0x00000090   Code   RO         1169    i.nrf_drv_uart_rx_for_uarte  nrf_drv_uart.o
    0x00020fcc   0x00000090   Code   RO         1170    i.nrf_drv_uart_tx   nrf_drv_uart.o
    0x0002105c   0x0000007c   Code   RO         1172    i.nrf_drv_uart_tx_for_uart  nrf_drv_uart.o
    0x000210d8   0x00000010   Code   RO         1173    i.nrf_drv_uart_tx_in_progress  nrf_drv_uart.o
    0x000210e8   0x00000022   Code   RO          984    i.nrf_gpio_cfg      nrf_drv_gpiote.o
    0x0002110a   0x00000022   Code   RO         1175    i.nrf_gpio_cfg      nrf_drv_uart.o
    0x0002112c   0x00000022   Code   RO         2524    i.nrf_gpio_cfg      nrf_drv_spi.o
    0x0002114e   0x00000012   Code   RO         1177    i.nrf_gpio_cfg_input  nrf_drv_uart.o
    0x00021160   0x00000014   Code   RO         1178    i.nrf_gpio_cfg_output  nrf_drv_uart.o
    0x00021174   0x0000000e   Code   RO         2071    i.nrf_gpio_cfg_output  oled.o
    0x00021182   0x00000014   Code   RO         2525    i.nrf_gpio_cfg_output  nrf_drv_spi.o
    0x00021196   0x0000001c   Code   RO          986    i.nrf_gpio_cfg_sense_set  nrf_drv_gpiote.o
    0x000211b2   0x00000002   PAD
    0x000211b4   0x00000010   Code   RO         1696    i.nrf_gpio_pin_clear  flash.o
    0x000211c4   0x00000010   Code   RO         2072    i.nrf_gpio_pin_clear  oled.o
    0x000211d4   0x00000010   Code   RO         1697    i.nrf_gpio_pin_set  flash.o
    0x000211e4   0x00000010   Code   RO         2073    i.nrf_gpio_pin_set  oled.o
    0x000211f4   0x00000010   Code   RO         2526    i.nrf_gpio_pin_set  nrf_drv_spi.o
    0x00021204   0x00000010   Code   RO         2623    i.nrf_gpio_pin_set  nrf_drv_twi.o
    0x00021214   0x00000014   Code   RO          987    i.nrf_gpiote_event_clear  nrf_drv_gpiote.o
    0x00021228   0x00000010   Code   RO          988    i.nrf_gpiote_event_is_set  nrf_drv_gpiote.o
    0x00021238   0x0000000a   Code   RO         2421    i.nrf_pwm_event_check  nrf_drv_pwm.o
    0x00021242   0x0000000c   Code   RO         2422    i.nrf_pwm_int_enable_check  nrf_drv_pwm.o
    0x0002124e   0x0000001e   Code   RO         2423    i.nrf_pwm_sequence_set  nrf_drv_pwm.o
    0x0002126c   0x00000060   Code   RO         2862    i.nrf_saadc_channel_init  nrf_saadc.o
    0x000212cc   0x00000014   Code   RO         2765    i.nrf_saadc_channel_input_set  nrf_drv_saadc.o
    0x000212e0   0x00000010   Code   RO         2766    i.nrf_saadc_event_check  nrf_drv_saadc.o
    0x000212f0   0x00000010   Code   RO         2767    i.nrf_saadc_limit_int_get  nrf_drv_saadc.o
    0x00021300   0x0000000a   Code   RO         2624    i.nrf_twi_event_check  nrf_drv_twi.o
    0x0002130a   0x0000000a   Code   RO         1179    i.nrf_uart_event_check  nrf_drv_uart.o
    0x00021314   0x0000000c   Code   RO         1180    i.nrf_uart_int_enable_check  nrf_drv_uart.o
    0x00021320   0x0000000a   Code   RO         1181    i.nrf_uarte_event_check  nrf_drv_uart.o
    0x0002132a   0x00000026   Code   RO           10    i.nus_data_handler  main.o
    0x00021350   0x0000001e   Code   RO           11    i.on_adv_evt        main.o
    0x0002136e   0x00000002   PAD
    0x00021370   0x00000064   Code   RO           12    i.on_ble_evt        main.o
    0x000213d4   0x0000001c   Code   RO           13    i.on_conn_params_evt  main.o
    0x000213f0   0x00000014   Code   RO          555    i.peer_address_exists  ble_advertising.o
    0x00021404   0x00000018   Code   RO          989    i.pin_in_use_by_port  nrf_drv_gpiote.o
    0x0002141c   0x00000018   Code   RO          990    i.pin_in_use_by_te  nrf_drv_gpiote.o
    0x00021434   0x00000024   Code   RO         1379    i.pstorage_access_status_get  pstorage.o
    0x00021458   0x00000038   Code   RO         1699    i.readFlashId       flash.o
    0x00021490   0x00000060   Code   RO         1700    i.readFlashPage     flash.o
    0x000214f0   0x00000054   Code   RO         1796    i.readMpuAcc        mpu6050.o
    0x00021544   0x00000054   Code   RO         1797    i.readMpuGyro       mpu6050.o
    0x00021598   0x0000001e   Code   RO         1800    i.readMpuTemp       mpu6050.o
    0x000215b6   0x00000004   Code   RO         1801    i.readMpuTimerHandler  mpu6050.o
    0x000215ba   0x00000002   PAD
    0x000215bc   0x0000002c   Code   RO         1802    i.readMultiMpuReg   mpu6050.o
    0x000215e8   0x000000e4   Code   RO         1910    i.rgbAdcTestProcess  multiboard_process.o
    0x000216cc   0x0000003c   Code   RO         3103    i.rtc1_stop         app_timer.o
    0x00021708   0x00000030   Code   RO         1183    i.rx_byte           nrf_drv_uart.o
    0x00021738   0x000000dc   Code   RO          719    i.rx_char_add       ble_nus.o
    0x00021814   0x00000020   Code   RO         1184    i.rx_done_event     nrf_drv_uart.o
    0x00021834   0x00000018   Code   RO         1185    i.rx_enable         nrf_drv_uart.o
    0x0002184c   0x00000010   Code   RO         3692    i.sd_check_ram_start  softdevice_handler.o
    0x0002185c   0x0000008c   Code   RO         3693    i.sd_nvic_EnableIRQ  softdevice_handler.o
    0x000218e8   0x00000082   Code   RO          463    i.service_data_encode  ble_advdata.o
    0x0002196a   0x00000002   PAD
    0x0002196c   0x00000034   Code   RO         2263    i.setBPwmDuty       pwm.o
    0x000219a0   0x00000044   Code   RO         2264    i.setBeepPwmParams  pwm.o
    0x000219e4   0x00000034   Code   RO         2265    i.setGPwmDuty       pwm.o
    0x00021a18   0x00000034   Code   RO         2266    i.setRPwmDuty       pwm.o
    0x00021a4c   0x0000031c   Code   RO         1911    i.showTestItem      multiboard_process.o
    0x00021d68   0x00000014   Code   RO         3694    i.softdevice_ble_evt_handler_set  softdevice_handler.o
    0x00021d7c   0x00000014   Code   RO         3695    i.softdevice_enable  softdevice_handler.o
    0x00021d90   0x00000026   Code   RO         3696    i.softdevice_enable_get_default_config  softdevice_handler.o
    0x00021db6   0x00000004   Code   RO         3697    i.softdevice_fault_handler  softdevice_handler.o
    0x00021dba   0x00000002   PAD
    0x00021dbc   0x00000034   Code   RO         3698    i.softdevice_handler_init  softdevice_handler.o
    0x00021df0   0x0000006e   Code   RO         2527    i.spi_xfer          nrf_drv_spi.o
    0x00021e5e   0x00000038   Code   RO         2424    i.start_playback    nrf_drv_pwm.o
    0x00021e96   0x00000002   PAD
    0x00021e98   0x0000007c   Code   RO         3104    i.timer_list_handler  app_timer.o
    0x00021f14   0x0000003c   Code   RO         3105    i.timer_list_insert  app_timer.o
    0x00021f50   0x00000084   Code   RO         3106    i.timer_timeouts_check  app_timer.o
    0x00021fd4   0x00000050   Code   RO         2528    i.transfer_byte     nrf_drv_spi.o
    0x00022024   0x000000b0   Code   RO         2625    i.twi_clear_bus     nrf_drv_twi.o
    0x000220d4   0x0000007a   Code   RO         2626    i.twi_rx_start_transfer  nrf_drv_twi.o
    0x0002214e   0x00000028   Code   RO         2627    i.twi_send_byte     nrf_drv_twi.o
    0x00022176   0x000000f2   Code   RO         2628    i.twi_transfer      nrf_drv_twi.o
    0x00022268   0x0000007c   Code   RO         2629    i.twi_tx_start_transfer  nrf_drv_twi.o
    0x000222e4   0x0000008c   Code   RO         2630    i.twi_xfer          nrf_drv_twi.o
    0x00022370   0x00000024   Code   RO         1186    i.tx_byte           nrf_drv_uart.o
    0x00022394   0x000000a0   Code   RO          720    i.tx_char_add       ble_nus.o
    0x00022434   0x00000024   Code   RO         1187    i.tx_done_event     nrf_drv_uart.o
    0x00022458   0x0000005c   Code   RO           14    i.uart_event_handle  main.o
    0x000224b4   0x000000a8   Code   RO          815    i.uart_event_handler  app_uart_fifo.o
    0x0002255c   0x00000108   Code   RO         1188    i.uart_irq_handler  nrf_drv_uart.o
    0x00022664   0x000000d8   Code   RO         1189    i.uarte_irq_handler  nrf_drv_uart.o
    0x0002273c   0x0000000a   Code   RO          464    i.uint16_encode     ble_advdata.o
    0x00022746   0x00000002   PAD
    0x00022748   0x00000018   Code   RO         1616    i.unInitBatteryAdc  adc.o
    0x00022760   0x00000018   Code   RO         2267    i.unInitBeepPwm     pwm.o
    0x00022778   0x0000000c   Code   RO         1702    i.unInitFlash       flash.o
    0x00022784   0x00000018   Code   RO         1617    i.unInitLightAdc    adc.o
    0x0002279c   0x00000018   Code   RO         2268    i.unInitRgbPwm      pwm.o
    0x000227b4   0x0000001c   Code   RO         1803    i.uninitMpu         mpu6050.o
    0x000227d0   0x0000003c   Code   RO         1912    i.updateMainMenu    multiboard_process.o
    0x0002280c   0x00000020   Code   RO         2347    i.updateSeconds     utc_date.o
    0x0002282c   0x00000060   Code   RO          643    i.update_timeout_handler  ble_conn_params.o
    0x0002288c   0x0000003e   Code   RO         3107    i.user_id_get       app_timer.o
    0x000228ca   0x00000028   Code   RO         3108    i.user_op_alloc     app_timer.o
    0x000228f2   0x00000030   Code   RO          465    i.uuid_list_encode  ble_advdata.o
    0x00022922   0x000000a0   Code   RO          466    i.uuid_list_sized_encode  ble_advdata.o
    0x000229c2   0x00000002   PAD
    0x000229c4   0x0000001c   Code   RO         1913    i.verisonProcess    multiboard_process.o
    0x000229e0   0x0000009c   Code   RO         2075    i.welcomScreen      oled.o
    0x00022a7c   0x0000000e   Code   RO          556    i.whitelist_has_entries  ble_advertising.o
    0x00022a8a   0x00000002   PAD
    0x00022a8c   0x00000028   Code   RO         1703    i.writeFlashCmd     flash.o
    0x00022ab4   0x00000068   Code   RO         1704    i.writeFlashPage    flash.o
    0x00022b1c   0x00000024   Code   RO         1804    i.writeMpuReg       mpu6050.o
    0x00022b40   0x0000004c   Code   RO         2079    i.writeOled5x7ASCII  oled.o
    0x00022b8c   0x00000020   Code   RO         2080    i.writeOled5x7ASCIIs  oled.o
    0x00022bac   0x00000044   Code   RO         2081    i.writeOled5x7Arrow  oled.o
    0x00022bf0   0x00000034   Code   RO         2089    i.writeOledCmd      oled.o
    0x00022c24   0x00000034   Code   RO         2090    i.writeOledData     oled.o
    0x00022c58   0x00000010   Data   RO           16    .constdata          main.o
    0x00022c68   0x00000048   Data   RO          320    .constdata          bsp.o
    0x00022cb0   0x00000004   Data   RO          646    .constdata          ble_conn_params.o
    0x00022cb4   0x00000010   Data   RO          721    .constdata          ble_nus.o
    0x00022cc4   0x00000020   Data   RO          817    .constdata          app_uart_fifo.o
    0x00022ce4   0x00000020   Data   RO         1191    .constdata          nrf_drv_uart.o
    0x00022d04   0x00000018   Data   RO         1620    .constdata          adc.o
    0x00022d1c   0x00000010   Data   RO         1706    .constdata          flash.o
    0x00022d2c   0x00000014   Data   RO         1806    .constdata          mpu6050.o
    0x00022d40   0x00000064   Data   RO         1915    .constdata          multiboard_process.o
    0x00022da4   0x000006b0   Data   RO         2091    .constdata          oled.o
    0x00023454   0x00000068   Data   RO         2269    .constdata          pwm.o
    0x000234bc   0x00000004   Data   RO         2349    .constdata          utc_date.o
    0x000234c0   0x0000000c   Data   RO         2425    .constdata          nrf_drv_pwm.o
    0x000234cc   0x00000020   Data   RO         2530    .constdata          nrf_drv_spi.o
    0x000234ec   0x0000001c   Data   RO         2632    .constdata          nrf_drv_twi.o
    0x00023508   0x00000003   Data   RO         2769    .constdata          nrf_drv_saadc.o
    0x0002350b   0x00000001   PAD
    0x0002350c   0x00000008   Data   RO         2896    .constdata          app_button.o
    0x00023514   0x0000004e   Data   RO           17    .conststring        main.o
    0x00023562   0x00000002   PAD
    0x00023564   0x00000020   Data   RO         4151    Region$$Table       anon$$obj.o


    Execution Region RW_IRAM1 (Base: 0x20002080, Size: 0x00002b20, Max: 0x0000df80, ABSOLUTE, COMPRESSED[0x000000a0])

    Base Addr    Size         Type   Attr      Idx    E Section Name        Object

    0x20002080   0x00000008   Data   RW           18    .data               main.o
    0x20002088   0x00000019   Data   RW          321    .data               bsp.o
    0x200020a1   0x00000003   PAD
    0x200020a4   0x00000004   Data   RW          417    .data               bsp_btn_ble.o
    0x200020a8   0x0000001f   Data   RW          558    .data               ble_advertising.o
    0x200020c7   0x00000001   PAD
    0x200020c8   0x00000014   Data   RW          647    .data               ble_conn_params.o
    0x200020dc   0x00000008   Data   RW          818    .data               app_uart_fifo.o
    0x200020e4   0x00000024   Data   RW         1404    .data               pstorage.o
    0x20002108   0x0000000c   Data   RW         1707    .data               flash.o
    0x20002114   0x00000008   Data   RW         1807    .data               mpu6050.o
    0x2000211c   0x000000fc   Data   RW         1916    .data               multiboard_process.o
    0x20002218   0x00000008   Data   RW         2092    .data               oled.o
    0x20002220   0x00000014   Data   RW         2270    .data               pwm.o
    0x20002234   0x00000004   Data   RW         2350    .data               utc_date.o
    0x20002238   0x00000008   Data   RW         2426    .data               nrf_drv_pwm.o
    0x20002240   0x00000014   Data   RW         2897    .data               app_button.o
    0x20002254   0x00000020   Data   RW         3109    .data               app_timer.o
    0x20002274   0x00000004   Data   RW         3507    .data               retarget.o
    0x20002278   0x00000014   Data   RW         3703    .data               softdevice_handler.o
    0x2000228c   0x00000004   Data   RW         3801    .data               system_nrf52.o
    0x20002290   0x00000440   Zero   RW           15    .bss                main.o
    0x200026d0   0x00000020   Zero   RW          316    .bss                bsp.o
    0x200026f0   0x00000020   Zero   RW          317    .bss                bsp.o
    0x20002710   0x0000000f   Zero   RW          318    .bss                bsp.o
    0x2000271f   0x00000001   PAD
    0x20002720   0x00000020   Zero   RW          319    .bss                bsp.o
    0x20002740   0x00000103   Zero   RW          557    .bss                ble_advertising.o
    0x20002843   0x00000001   PAD
    0x20002844   0x00000020   Zero   RW          644    .bss                ble_conn_params.o
    0x20002864   0x0000001c   Zero   RW          645    .bss                ble_conn_params.o
    0x20002880   0x00000020   Zero   RW          816    .bss                app_uart_fifo.o
    0x200028a0   0x00000058   Zero   RW          991    .bss                nrf_drv_gpiote.o
    0x200028f8   0x00000020   Zero   RW         1190    .bss                nrf_drv_uart.o
    0x20002918   0x000000d8   Zero   RW         1402    .bss                pstorage.o
    0x200029f0   0x00000020   Zero   RW         1618    .bss                adc.o
    0x20002a10   0x00000020   Zero   RW         1619    .bss                adc.o
    0x20002a30   0x00000020   Zero   RW         1805    .bss                mpu6050.o
    0x20002a50   0x00000014   Zero   RW         1914    .bss                multiboard_process.o
    0x20002a64   0x00000020   Zero   RW         2348    .bss                utc_date.o
    0x20002a84   0x00000040   Zero   RW         2529    .bss                nrf_drv_spi.o
    0x20002ac4   0x00000028   Zero   RW         2631    .bss                nrf_drv_twi.o
    0x20002aec   0x0000002c   Zero   RW         2768    .bss                nrf_drv_saadc.o
    0x20002b18   0x00000020   Zero   RW         2895    .bss                app_button.o
    0x20002b38   0x00000058   Zero   RW         3309    .bss                fstorage.o
    0x20002b90   0x0000000c   Zero   RW         3702    .bss                softdevice_handler.o
    0x20002b9c   0x00000004   PAD
    0x20002ba0   0x00002000   Zero   RW         3788    STACK               arm_startup_nrf52.o


==============================================================================

Image component sizes


      Code (inc. data)   RO Data    RW Data    ZI Data      Debug   Object Name

       466         92         24          0         64      16765   adc.o
       332         34          8         20         32      10150   app_button.o
        22          0          0          0          0       2277   app_error.o
        36         10          0          0          0        830   app_error_weak.o
       118          0          0          0          0       4538   app_fifo.o
      1730         92          0         32          0      56051   app_timer.o
       436         42         32          8         32      10822   app_uart_fifo.o
        36          8       1024          0       8192        940   arm_startup_nrf52.o
      1602          0          0          0          0      20816   ble_advdata.o
       934         30          0         31        259       9140   ble_advertising.o
       436         54          4         20         60      17332   ble_conn_params.o
       640          6         16          0          0       6118   ble_nus.o
      1076        104         72         25        111       9920   bsp.o
       194          8          0          4          0       4212   bsp_btn_ble.o
       432         52         16         12          0       6924   flash.o
        20          4          0          0         88       3840   fstorage.o
       900        108         94          8       1088     118035   main.o
       714         50         20          8         32      17666   mpu6050.o
      2084        536        100        252         20      41964   multiboard_process.o
       144          0          0          0          0       1943   nrf_delay.o
        56          0          0          0          0      28883   nrf_drv_common.o
      1066         90          0          0         88      24692   nrf_drv_gpiote.o
       770         38         12          8          0      20968   nrf_drv_pwm.o
       924         92          3          0         44      19221   nrf_drv_saadc.o
       824         48         32          0         64      18027   nrf_drv_spi.o
      1586         50         28          0         40      30089   nrf_drv_twi.o
      1788        150         32          0         32      63384   nrf_drv_uart.o
        96          6          0          0          0       6413   nrf_saadc.o
       880        138       1712          8          0      10725   oled.o
        36          8          0         36        216      11225   pstorage.o
       428         70        104         20          0      12271   pwm.o
        14          0          0          4          0       2910   retarget.o
       438         46          0         20         12      39472   softdevice_handler.o
       676         60          0          4          0       3143   system_nrf52.o
       834         32          4          4         32       6839   utc_date.o

    ----------------------------------------------------------------------
     22816       2058       3372        528      10512     658545   Object Totals
         0          0         32          0          0          0   (incl. Generated)
        48          0          3          4          6          0   (incl. Padding)

    ----------------------------------------------------------------------

      Code (inc. data)   RO Data    RW Data    ZI Data      Debug   Library Member Name

        86          0          0          0          0          0   __dczerorl2.o
         0          0          0          0          0          0   entry.o
         0          0          0          0          0          0   entry10a.o
         0          0          0          0          0          0   entry11a.o
         8          4          0          0          0          0   entry2.o
         4          0          0          0          0          0   entry5.o
         0          0          0          0          0          0   entry7b.o
         0          0          0          0          0          0   entry8b.o
         8          4          0          0          0          0   entry9a.o
        30          0          0          0          0          0   handlers.o
        36          8          0          0          0         68   init.o
         0          0          0          0          0          0   iusefp.o
        30          0          0          0          0         68   llshl.o
        36          0          0          0          0         68   llsshr.o
        32          0          0          0          0         68   llushr.o
        36          0          0          0          0         68   memcpya.o
        36          0          0          0          0        108   memseta.o
      2308         96          0          0          0        604   printfa.o
        44          0          0          0          0         80   uidiv.o
        98          0          0          0          0         92   uldiv.o
        48          0          0          0          0         68   cdrcmple.o
       334          0          0          0          0        148   dadd.o
       222          0          0          0          0        100   ddiv.o
       186          0          0          0          0        176   depilogue.o
        48          0          0          0          0         68   dfixul.o
        34          0          0          0          0         76   dflti.o
       228          0          0          0          0         96   dmul.o

    ----------------------------------------------------------------------
      3896        112          0          0          0       1956   Library Totals
         4          0          0          0          0          0   (incl. Padding)

    ----------------------------------------------------------------------

      Code (inc. data)   RO Data    RW Data    ZI Data      Debug   Library Name

      2792        112          0          0          0       1224   mc_w.l
      1100          0          0          0          0        732   mf_w.l

    ----------------------------------------------------------------------
      3896        112          0          0          0       1956   Library Totals

    ----------------------------------------------------------------------

==============================================================================


      Code (inc. data)   RO Data    RW Data    ZI Data      Debug   

     26712       2170       3372        528      10512     634045   Grand Totals
     26712       2170       3372        160      10512     634045   ELF Image Totals (compressed)
     26712       2170       3372        160          0          0   ROM Totals

==============================================================================

    Total RO  Size (Code + RO Data)                30084 (  29.38kB)
    Total RW  Size (RW Data + ZI Data)             11040 (  10.78kB)
    Total ROM Size (Code + RO Data + RW Data)      30244 (  29.54kB)

==============================================================================

